Archive member included to satisfy reference by file (symbol)

C:/ST_mikrokontroler/STM32CubeIDE_1.15.1/STM32CubeIDE/plugins/com.st.stm32cube.ide.mcu.externaltools.gnu-tools-for-stm32.12.3.rel1.win32_1.0.200.202406191623/tools/bin/../lib/gcc/arm-none-eabi/12.3.1/../../../../arm-none-eabi/lib/thumb/v7e-m+fp/hard\libc_nano.a(libc_a-exit.o)
                              C:/ST_mikrokontroler/STM32CubeIDE_1.15.1/STM32CubeIDE/plugins/com.st.stm32cube.ide.mcu.externaltools.gnu-tools-for-stm32.12.3.rel1.win32_1.0.200.202406191623/tools/bin/../lib/gcc/arm-none-eabi/12.3.1/../../../../arm-none-eabi/lib/thumb/v7e-m+fp/hard/crt0.o (exit)
C:/ST_mikrokontroler/STM32CubeIDE_1.15.1/STM32CubeIDE/plugins/com.st.stm32cube.ide.mcu.externaltools.gnu-tools-for-stm32.12.3.rel1.win32_1.0.200.202406191623/tools/bin/../lib/gcc/arm-none-eabi/12.3.1/../../../../arm-none-eabi/lib/thumb/v7e-m+fp/hard\libc_nano.a(libc_a-findfp.o)
                              C:/ST_mikrokontroler/STM32CubeIDE_1.15.1/STM32CubeIDE/plugins/com.st.stm32cube.ide.mcu.externaltools.gnu-tools-for-stm32.12.3.rel1.win32_1.0.200.202406191623/tools/bin/../lib/gcc/arm-none-eabi/12.3.1/../../../../arm-none-eabi/lib/thumb/v7e-m+fp/hard\libc_nano.a(libc_a-exit.o) (__stdio_exit_handler)
C:/ST_mikrokontroler/STM32CubeIDE_1.15.1/STM32CubeIDE/plugins/com.st.stm32cube.ide.mcu.externaltools.gnu-tools-for-stm32.12.3.rel1.win32_1.0.200.202406191623/tools/bin/../lib/gcc/arm-none-eabi/12.3.1/../../../../arm-none-eabi/lib/thumb/v7e-m+fp/hard\libc_nano.a(libc_a-fwalk.o)
                              C:/ST_mikrokontroler/STM32CubeIDE_1.15.1/STM32CubeIDE/plugins/com.st.stm32cube.ide.mcu.externaltools.gnu-tools-for-stm32.12.3.rel1.win32_1.0.200.202406191623/tools/bin/../lib/gcc/arm-none-eabi/12.3.1/../../../../arm-none-eabi/lib/thumb/v7e-m+fp/hard\libc_nano.a(libc_a-findfp.o) (_fwalk_sglue)
C:/ST_mikrokontroler/STM32CubeIDE_1.15.1/STM32CubeIDE/plugins/com.st.stm32cube.ide.mcu.externaltools.gnu-tools-for-stm32.12.3.rel1.win32_1.0.200.202406191623/tools/bin/../lib/gcc/arm-none-eabi/12.3.1/../../../../arm-none-eabi/lib/thumb/v7e-m+fp/hard\libc_nano.a(libc_a-stdio.o)
                              C:/ST_mikrokontroler/STM32CubeIDE_1.15.1/STM32CubeIDE/plugins/com.st.stm32cube.ide.mcu.externaltools.gnu-tools-for-stm32.12.3.rel1.win32_1.0.200.202406191623/tools/bin/../lib/gcc/arm-none-eabi/12.3.1/../../../../arm-none-eabi/lib/thumb/v7e-m+fp/hard\libc_nano.a(libc_a-findfp.o) (__sread)
C:/ST_mikrokontroler/STM32CubeIDE_1.15.1/STM32CubeIDE/plugins/com.st.stm32cube.ide.mcu.externaltools.gnu-tools-for-stm32.12.3.rel1.win32_1.0.200.202406191623/tools/bin/../lib/gcc/arm-none-eabi/12.3.1/../../../../arm-none-eabi/lib/thumb/v7e-m+fp/hard\libc_nano.a(libc_a-memset.o)
                              C:/ST_mikrokontroler/STM32CubeIDE_1.15.1/STM32CubeIDE/plugins/com.st.stm32cube.ide.mcu.externaltools.gnu-tools-for-stm32.12.3.rel1.win32_1.0.200.202406191623/tools/bin/../lib/gcc/arm-none-eabi/12.3.1/../../../../arm-none-eabi/lib/thumb/v7e-m+fp/hard/crt0.o (memset)
C:/ST_mikrokontroler/STM32CubeIDE_1.15.1/STM32CubeIDE/plugins/com.st.stm32cube.ide.mcu.externaltools.gnu-tools-for-stm32.12.3.rel1.win32_1.0.200.202406191623/tools/bin/../lib/gcc/arm-none-eabi/12.3.1/../../../../arm-none-eabi/lib/thumb/v7e-m+fp/hard\libc_nano.a(libc_a-closer.o)
                              C:/ST_mikrokontroler/STM32CubeIDE_1.15.1/STM32CubeIDE/plugins/com.st.stm32cube.ide.mcu.externaltools.gnu-tools-for-stm32.12.3.rel1.win32_1.0.200.202406191623/tools/bin/../lib/gcc/arm-none-eabi/12.3.1/../../../../arm-none-eabi/lib/thumb/v7e-m+fp/hard\libc_nano.a(libc_a-stdio.o) (_close_r)
C:/ST_mikrokontroler/STM32CubeIDE_1.15.1/STM32CubeIDE/plugins/com.st.stm32cube.ide.mcu.externaltools.gnu-tools-for-stm32.12.3.rel1.win32_1.0.200.202406191623/tools/bin/../lib/gcc/arm-none-eabi/12.3.1/../../../../arm-none-eabi/lib/thumb/v7e-m+fp/hard\libc_nano.a(libc_a-reent.o)
                              C:/ST_mikrokontroler/STM32CubeIDE_1.15.1/STM32CubeIDE/plugins/com.st.stm32cube.ide.mcu.externaltools.gnu-tools-for-stm32.12.3.rel1.win32_1.0.200.202406191623/tools/bin/../lib/gcc/arm-none-eabi/12.3.1/../../../../arm-none-eabi/lib/thumb/v7e-m+fp/hard\libc_nano.a(libc_a-closer.o) (errno)
C:/ST_mikrokontroler/STM32CubeIDE_1.15.1/STM32CubeIDE/plugins/com.st.stm32cube.ide.mcu.externaltools.gnu-tools-for-stm32.12.3.rel1.win32_1.0.200.202406191623/tools/bin/../lib/gcc/arm-none-eabi/12.3.1/../../../../arm-none-eabi/lib/thumb/v7e-m+fp/hard\libc_nano.a(libc_a-impure.o)
                              C:/ST_mikrokontroler/STM32CubeIDE_1.15.1/STM32CubeIDE/plugins/com.st.stm32cube.ide.mcu.externaltools.gnu-tools-for-stm32.12.3.rel1.win32_1.0.200.202406191623/tools/bin/../lib/gcc/arm-none-eabi/12.3.1/../../../../arm-none-eabi/lib/thumb/v7e-m+fp/hard\libc_nano.a(libc_a-reent.o) (_impure_ptr)
[...]
Memory Configuration

Name             Origin             Length             Attributes
CCMRAM           0x10000000         0x00001000         xrw
RAM              0x20000000         0x00003000         xrw
FLASH            0x08000000         0x00010000         xr
*default*        0x00000000         0xffffffff

Linker script and memory map

LOAD C:/ST_mikrokontroler/STM32CubeIDE_1.15.1/STM32CubeIDE/plugins/com.st.stm32cube.ide.mcu.externaltools.gnu-tools-for-stm32.12.3.rel1.win32_1.0.200.202406191623/tools/bin/../lib/gcc/arm-none-eabi/12.3.1/thumb/v7e-m+fp/hard/crti.o
LOAD C:/ST_mikrokontroler/STM32CubeIDE_1.15.1/STM32CubeIDE/plugins/com.st.stm32cube.ide.mcu.externaltools.gnu-tools-for-stm32.12.3.rel1.win32_1.0.200.202406191623/tools/bin/../lib/gcc/arm-none-eabi/12.3.1/thumb/v7e-m+fp/hard/crtbegin.o
LOAD C:/ST_mikrokontroler/STM32CubeIDE_1.15.1/STM32CubeIDE/plugins/com.st.stm32cube.ide.mcu.externaltools.gnu-tools-for-stm32.12.3.rel1.win32_1.0.200.202406191623/tools/bin/../lib/gcc/arm-none-eabi/12.3.1/../../../../arm-none-eabi/lib/thumb/v7e-m+fp/hard/crt0.o
LOAD ./Core/Src/adc.o
LOAD ./Core/Src/can.o
LOAD ./Core/Src/can_driver.o
LOAD ./Core/Src/dma.o
LOAD ./Core/Src/gpio.o
LOAD ./Core/Src/main.o
LOAD ./Core/Src/pedals.o
LOAD ./Core/Src/stm32f3xx_hal_msp.o
LOAD ./Core/Src/stm32f3xx_it.o
LOAD ./Core/Src/syscalls.o
LOAD ./Core/Src/sysmem.o
LOAD ./Core/Src/system_stm32f3xx.o
LOAD ./Core/Startup/startup_stm32f303k8tx.o
LOAD ./Drivers/STM32F3xx_HAL_Driver/Src/stm32f3xx_hal.o
LOAD ./Drivers/STM32F3xx_HAL_Driver/Src/stm32f3xx_hal_adc.o
LOAD ./Drivers/STM32F3xx_HAL_Driver/Src/stm32f3xx_hal_adc_ex.o
LOAD ./Drivers/STM32F3xx_HAL_Driver/Src/stm32f3xx_hal_can.o
LOAD ./Drivers/STM32F3xx_HAL_Driver/Src/stm32f3xx_hal_cortex.o
LOAD ./Drivers/STM32F3xx_HAL_Driver/Src/stm32f3xx_hal_dma.o
LOAD ./Drivers/STM32F3xx_HAL_Driver/Src/stm32f3xx_hal_exti.o
LOAD ./Drivers/STM32F3xx_HAL_Driver/Src/stm32f3xx_hal_flash.o
LOAD ./Drivers/STM32F3xx_HAL_Driver/Src/stm32f3xx_hal_flash_ex.o
LOAD ./Drivers/STM32F3xx_HAL_Driver/Src/stm32f3xx_hal_gpio.o
LOAD ./Drivers/STM32F3xx_HAL_Driver/Src/stm32f3xx_hal_i2c.o
LOAD ./Drivers/STM32F3xx_HAL_Driver/Src/stm32f3xx_hal_i2c_ex.o
LOAD ./Drivers/STM32F3xx_HAL_Driver/Src/stm32f3xx_hal_pwr.o
LOAD ./Drivers/STM32F3xx_HAL_Driver/Src/stm32f3xx_hal_pwr_ex.o
LOAD ./Drivers/STM32F3xx_HAL_Driver/Src/stm32f3xx_hal_rcc.o
LOAD ./Drivers/STM32F3xx_HAL_Driver/Src/stm32f3xx_hal_rcc_ex.o
LOAD ./Drivers/STM32F3xx_HAL_Driver/Src/stm32f3xx_hal_tim.o
LOAD ./Drivers/STM32F3xx_HAL_Driver/Src/stm32f3xx_hal_tim_ex.o
START GROUP
LOAD C:/ST_mikrokontroler/STM32CubeIDE_1.15.1/STM32CubeIDE/plugins/com.st.stm32cube.ide.mcu.externaltools.gnu-tools-for-stm32.12.3.rel1.win32_1.0.200.202406191623/tools/bin/../lib/gcc/arm-none-eabi/12.3.1/../../../../arm-none-eabi/lib/thumb/v7e-m+fp/hard\libc_nano.a
LOAD C:/ST_mikrokontroler/STM32CubeIDE_1.15.1/STM32CubeIDE/plugins/com.st.stm32cube.ide.mcu.externaltools.gnu-tools-for-stm32.12.3.rel1.win32_1.0.200.202406191623/tools/bin/../lib/gcc/arm-none-eabi/12.3.1/../../../../arm-none-eabi/lib/thumb/v7e-m+fp/hard\libm.a
END GROUP
START GROUP
LOAD C:/ST_mikrokontroler/STM32CubeIDE_1.15.1/STM32CubeIDE/plugins/com.st.stm32cube.ide.mcu.externaltools.gnu-tools-for-stm32.12.3.rel1.win32_1.0.200.202406191623/tools/bin/../lib/gcc/arm-none-eabi/12.3.1/thumb/v7e-m+fp/hard\libgcc.a
LOAD C:/ST_mikrokontroler/STM32CubeIDE_1.15.1/STM32CubeIDE/plugins/com.st.stm32cube.ide.mcu.externaltools.gnu-tools-for-stm32.12.3.rel1.win32_1.0.200.202406191623/tools/bin/../lib/gcc/arm-none-eabi/12.3.1/../../../../arm-none-eabi/lib/thumb/v7e-m+fp/hard\libc_nano.a
END GROUP
START GROUP
LOAD C:/ST_mikrokontroler/STM32CubeIDE_1.15.1/STM32CubeIDE/plugins/com.st.stm32cube.ide.mcu.externaltools.gnu-tools-for-stm32.12.3.rel1.win32_1.0.200.202406191623/tools/bin/../lib/gcc/arm-none-eabi/12.3.1/thumb/v7e-m+fp/hard\libgcc.a
LOAD C:/ST_mikrokontroler/STM32CubeIDE_1.15.1/STM32CubeIDE/plugins/com.st.stm32cube.ide.mcu.externaltools.gnu-tools-for-stm32.12.3.rel1.win32_1.0.200.202406191623/tools/bin/../lib/gcc/arm-none-eabi/12.3.1/../../../../arm-none-eabi/lib/thumb/v7e-m+fp/hard\libc_nano.a
LOAD C:/ST_mikrokontroler/STM32CubeIDE_1.15.1/STM32CubeIDE/plugins/com.st.stm32cube.ide.mcu.externaltools.gnu-tools-for-stm32.12.3.rel1.win32_1.0.200.202406191623/tools/bin/../lib/gcc/arm-none-eabi/12.3.1/../../../../arm-none-eabi/lib/thumb/v7e-m+fp/hard\libnosys.a
END GROUP
START GROUP
LOAD C:/ST_mikrokontroler/STM32CubeIDE_1.15.1/STM32CubeIDE/plugins/com.st.stm32cube.ide.mcu.externaltools.gnu-tools-for-stm32.12.3.rel1.win32_1.0.200.202406191623/tools/bin/../lib/gcc/arm-none-eabi/12.3.1/thumb/v7e-m+fp/hard\libgcc.a
LOAD C:/ST_mikrokontroler/STM32CubeIDE_1.15.1/STM32CubeIDE/plugins/com.st.stm32cube.ide.mcu.externaltools.gnu-tools-for-stm32.12.3.rel1.win32_1.0.200.202406191623/tools/bin/../lib/gcc/arm-none-eabi/12.3.1/../../../../arm-none-eabi/lib/thumb/v7e-m+fp/hard\libc_nano.a
LOAD C:/ST_mikrokontroler/STM32CubeIDE_1.15.1/STM32CubeIDE/plugins/com.st.stm32cube.ide.mcu.externaltools.gnu-tools-for-stm32.12.3.rel1.win32_1.0.200.202406191623/tools/bin/../lib/gcc/arm-none-eabi/12.3.1/../../../../arm-none-eabi/lib/thumb/v7e-m+fp/hard\libnosys.a
END GROUP
LOAD C:/ST_mikrokontroler/STM32CubeIDE_1.15.1/STM32CubeIDE/plugins/com.st.stm32cube.ide.mcu.externaltools.gnu-tools-for-stm32.12.3.rel1.win32_1.0.200.202406191623/tools/bin/../lib/gcc/arm-none-eabi/12.3.1/thumb/v7e-m+fp/hard/crtend.o
LOAD C:/ST_mikrokontroler/STM32CubeIDE_1.15.1/STM32CubeIDE/plugins/com.st.stm32cube.ide.mcu.externaltools.gnu-tools-for-stm32.12.3.rel1.win32_1.0.200.202406191623/tools/bin/../lib/gcc/arm-none-eabi/12.3.1/thumb/v7e-m+fp/hard/crtn.o
                0x20003000                        _estack = (ORIGIN (RAM) + LENGTH (RAM))
                0x00000200                        _Min_Heap_Size = 0x200
                0x00000400                        _Min_Stack_Size = 0x400

.isr_vector     0x08000000      0x188
                0x08000000                        . = ALIGN (0x4)
 *(.isr_vector)
 .isr_vector    0x08000000      0x188 ./Core/Startup/startup_stm32f303k8tx.o
                0x08000000                g_pfnVectors
                0x08000188                        . = ALIGN (0x4)

.text           0x08000188     0x3eb0
                0x08000188                        . = ALIGN (0x4)
 *(.text)
 .text          0x08000188       0x40 C:/ST_mikrokontroler/STM32CubeIDE_1.15.1/STM32CubeIDE/plugins/com.st.stm32cube.ide.mcu.externaltools.gnu-tools-for-stm32.12.3.rel1.win32_1.0.200.202406191623/tools/bin/../lib/gcc/arm-none-eabi/12.3.1/thumb/v7e-m+fp/hard/crtbegin.o
 *(.text*)
 .text.MX_ADC1_Init
                0x080001c8      0x118 ./Core/Src/adc.o
                0x080001c8                MX_ADC1_Init
 .text.MX_ADC2_Init
                0x080002e0       0xf4 ./Core/Src/adc.o
                0x080002e0                MX_ADC2_Init
 .text.HAL_ADC_MspInit
                0x080003d4      0x1ac ./Core/Src/adc.o
                0x080003d4                HAL_ADC_MspInit
 .text.MX_CAN_Init
                0x08000580       0x6c ./Core/Src/can.o
                0x08000580                MX_CAN_Init
 .text.HAL_CAN_MspInit
                0x080005ec       0x88 ./Core/Src/can.o
                0x080005ec                HAL_CAN_MspInit
 .text.MX_DMA_Init
                0x08000674       0x4c ./Core/Src/dma.o
                0x08000674                MX_DMA_Init
 .text.MX_GPIO_Init
                0x080006c0       0x80 ./Core/Src/gpio.o
                0x080006c0                MX_GPIO_Init
 .text.main     0x08000740      0x120 ./Core/Src/main.o
                0x08000740                main
 .text.SystemClock_Config
                0x08000860       0xba ./Core/Src/main.o
                0x08000860                SystemClock_Config
 .text.Error_Handler
                0x0800091a       0x1e ./Core/Src/main.o
                0x0800091a                Error_Handler
 .text.accelPedalCheck
                0x08000938       0x78 ./Core/Src/pedals.o
                0x08000938                accelPedalCheck
 .text.accelPedalValue
                0x080009b0       0x6c ./Core/Src/pedals.o
                0x080009b0                accelPedalValue
 .text.brakePistonsCheck
                0x08000a1c       0x74 ./Core/Src/pedals.o
                0x08000a1c                brakePistonsCheck
 .text.brakePistonsValue
                0x08000a90       0x6c ./Core/Src/pedals.o
                0x08000a90                brakePistonsValue
 .text.brakeHallValue
                0x08000afc       0x50 ./Core/Src/pedals.o
                0x08000afc                brakeHallValue
 .text.steerValue
                0x08000b4c       0x54 ./Core/Src/pedals.o
                0x08000b4c                steerValue
 .text.HAL_ADC_ConvCpltCallback
                0x08000ba0       0x40 ./Core/Src/pedals.o
                0x08000ba0                HAL_ADC_ConvCpltCallback
 .text.HAL_MspInit
                0x08000be0       0x48 ./Core/Src/stm32f3xx_hal_msp.o
                0x08000be0                HAL_MspInit
 .text.NMI_Handler
                0x08000c28        0x8 ./Core/Src/stm32f3xx_it.o
                0x08000c28                NMI_Handler
 .text.HardFault_Handler
                0x08000c30        0x8 ./Core/Src/stm32f3xx_it.o
                0x08000c30                HardFault_Handler
 .text.MemManage_Handler
                0x08000c38        0x8 ./Core/Src/stm32f3xx_it.o
                0x08000c38                MemManage_Handler
 .text.BusFault_Handler
                0x08000c40        0x8 ./Core/Src/stm32f3xx_it.o
                0x08000c40                BusFault_Handler
 .text.UsageFault_Handler
                0x08000c48        0x8 ./Core/Src/stm32f3xx_it.o
                0x08000c48                UsageFault_Handler
 .text.SVC_Handler
                0x08000c50        0xe ./Core/Src/stm32f3xx_it.o
                0x08000c50                SVC_Handler
 .text.DebugMon_Handler
                0x08000c5e        0xe ./Core/Src/stm32f3xx_it.o
                0x08000c5e                DebugMon_Handler
 .text.PendSV_Handler
                0x08000c6c        0xe ./Core/Src/stm32f3xx_it.o
                0x08000c6c                PendSV_Handler
 .text.SysTick_Handler
                0x08000c7a        0xc ./Core/Src/stm32f3xx_it.o
                0x08000c7a                SysTick_Handler
 *fill*         0x08000c86        0x2 
 .text.DMA1_Channel1_IRQHandler
                0x08000c88       0x14 ./Core/Src/stm32f3xx_it.o
                0x08000c88                DMA1_Channel1_IRQHandler
 .text.DMA1_Channel2_IRQHandler
                0x08000c9c       0x14 ./Core/Src/stm32f3xx_it.o
                0x08000c9c                DMA1_Channel2_IRQHandler
 .text.SystemInit
                0x08000cb0       0x24 ./Core/Src/system_stm32f3xx.o
                0x08000cb0                SystemInit
 .text.Reset_Handler
                0x08000cd4       0x50 ./Core/Startup/startup_stm32f303k8tx.o
                0x08000cd4                Reset_Handler
 .text.Default_Handler
                0x08000d24        0x2 ./Core/Startup/startup_stm32f303k8tx.o
                0x08000d24                RTC_Alarm_IRQHandler
                0x08000d24                TIM1_CC_IRQHandler
                0x08000d24                PVD_IRQHandler
                0x08000d24                TAMP_STAMP_IRQHandler
                0x08000d24                EXTI3_IRQHandler
                0x08000d24                EXTI0_IRQHandler
                0x08000d24                FPU_IRQHandler
                0x08000d24                CAN_TX_IRQHandler
                0x08000d24                TIM1_UP_TIM16_IRQHandler
                0x08000d24                ADC1_2_IRQHandler
                0x08000d24                SPI1_IRQHandler
                0x08000d24                CAN_SCE_IRQHandler
                0x08000d24                DMA1_Channel4_IRQHandler
                0x08000d24                USART3_IRQHandler
                0x08000d24                DMA1_Channel7_IRQHandler
                0x08000d24                TIM7_DAC2_IRQHandler
                0x08000d24                CAN_RX1_IRQHandler
                0x08000d24                I2C1_EV_IRQHandler
                0x08000d24                DMA1_Channel6_IRQHandler
                0x08000d24                TIM3_IRQHandler
                0x08000d24                RCC_IRQHandler
                0x08000d24                Default_Handler
                0x08000d24                EXTI15_10_IRQHandler
                0x08000d24                COMP2_IRQHandler
                0x08000d24                TIM6_DAC1_IRQHandler
                0x08000d24                EXTI9_5_IRQHandler
                0x08000d24                RTC_WKUP_IRQHandler
                0x08000d24                DMA1_Channel5_IRQHandler
                0x08000d24                EXTI4_IRQHandler
                0x08000d24                TIM1_TRG_COM_TIM17_IRQHandler
                0x08000d24                DMA1_Channel3_IRQHandler
                0x08000d24                WWDG_IRQHandler
                0x08000d24                TIM2_IRQHandler
                0x08000d24                EXTI1_IRQHandler
                0x08000d24                COMP4_6_IRQHandler
                0x08000d24                USART2_IRQHandler
                0x08000d24                FLASH_IRQHandler
                0x08000d24                USART1_IRQHandler
                0x08000d24                CAN_RX0_IRQHandler
                0x08000d24                I2C1_ER_IRQHandler
                0x08000d24                EXTI2_TSC_IRQHandler
                0x08000d24                TIM1_BRK_TIM15_IRQHandler
 *fill*         0x08000d26        0x2 
 .text.HAL_Init
                0x08000d28       0x2c ./Drivers/STM32F3xx_HAL_Driver/Src/stm32f3xx_hal.o
                0x08000d28                HAL_Init
 .text.HAL_InitTick
                0x08000d54       0x60 ./Drivers/STM32F3xx_HAL_Driver/Src/stm32f3xx_hal.o
                0x08000d54                HAL_InitTick
 .text.HAL_IncTick
                0x08000db4       0x28 ./Drivers/STM32F3xx_HAL_Driver/Src/stm32f3xx_hal.o
                0x08000db4                HAL_IncTick
 .text.HAL_GetTick
                0x08000ddc       0x18 ./Drivers/STM32F3xx_HAL_Driver/Src/stm32f3xx_hal.o
                0x08000ddc                HAL_GetTick
 .text.HAL_Delay
                0x08000df4       0x48 ./Drivers/STM32F3xx_HAL_Driver/Src/stm32f3xx_hal.o
                0x08000df4                HAL_Delay
 .text.HAL_ADC_ConvHalfCpltCallback
                0x08000e3c       0x14 ./Drivers/STM32F3xx_HAL_Driver/Src/stm32f3xx_hal_adc.o
                0x08000e3c                HAL_ADC_ConvHalfCpltCallback
 .text.HAL_ADC_ErrorCallback
                0x08000e50       0x14 ./Drivers/STM32F3xx_HAL_Driver/Src/stm32f3xx_hal_adc.o
                0x08000e50                HAL_ADC_ErrorCallback
 .text.HAL_ADC_Init
                0x08000e64      0x324 ./Drivers/STM32F3xx_HAL_Driver/Src/stm32f3xx_hal_adc_ex.o
                0x08000e64                HAL_ADC_Init
 .text.HAL_ADC_Start_DMA
                0x08001188      0x1b4 ./Drivers/STM32F3xx_HAL_Driver/Src/stm32f3xx_hal_adc_ex.o
                0x08001188                HAL_ADC_Start_DMA
 .text.HAL_ADC_ConfigChannel
                0x0800133c      0x57c ./Drivers/STM32F3xx_HAL_Driver/Src/stm32f3xx_hal_adc_ex.o
                0x0800133c                HAL_ADC_ConfigChannel
 .text.HAL_ADCEx_MultiModeConfigChannel
                0x080018b8      0x18c ./Drivers/STM32F3xx_HAL_Driver/Src/stm32f3xx_hal_adc_ex.o
                0x080018b8                HAL_ADCEx_MultiModeConfigChannel
 .text.ADC_DMAConvCplt
                0x08001a44       0x7a ./Drivers/STM32F3xx_HAL_Driver/Src/stm32f3xx_hal_adc_ex.o
 .text.ADC_DMAHalfConvCplt
                0x08001abe       0x1c ./Drivers/STM32F3xx_HAL_Driver/Src/stm32f3xx_hal_adc_ex.o
 .text.ADC_DMAError
                0x08001ada       0x34 ./Drivers/STM32F3xx_HAL_Driver/Src/stm32f3xx_hal_adc_ex.o
 *fill*         0x08001b0e        0x2 
 .text.ADC_Enable
                0x08001b10       0xc8 ./Drivers/STM32F3xx_HAL_Driver/Src/stm32f3xx_hal_adc_ex.o
 .text.ADC_Disable
                0x08001bd8       0xcc ./Drivers/STM32F3xx_HAL_Driver/Src/stm32f3xx_hal_adc_ex.o
 .text.HAL_CAN_Init
                0x08001ca4      0x1f6 ./Drivers/STM32F3xx_HAL_Driver/Src/stm32f3xx_hal_can.o
                0x08001ca4                HAL_CAN_Init
 .text.HAL_CAN_Start
                0x08001e9a       0x88 ./Drivers/STM32F3xx_HAL_Driver/Src/stm32f3xx_hal_can.o
                0x08001e9a                HAL_CAN_Start
 .text.HAL_CAN_AddTxMessage
                0x08001f22      0x1a0 ./Drivers/STM32F3xx_HAL_Driver/Src/stm32f3xx_hal_can.o
                0x08001f22                HAL_CAN_AddTxMessage
 *fill*         0x080020c2        0x2 
 .text.__NVIC_SetPriorityGrouping
                0x080020c4       0x48 ./Drivers/STM32F3xx_HAL_Driver/Src/stm32f3xx_hal_cortex.o
 .text.__NVIC_GetPriorityGrouping
                0x0800210c       0x1c ./Drivers/STM32F3xx_HAL_Driver/Src/stm32f3xx_hal_cortex.o
 .text.__NVIC_EnableIRQ
                0x08002128       0x3c ./Drivers/STM32F3xx_HAL_Driver/Src/stm32f3xx_hal_cortex.o
 .text.__NVIC_SetPriority
                0x08002164       0x54 ./Drivers/STM32F3xx_HAL_Driver/Src/stm32f3xx_hal_cortex.o
 .text.NVIC_EncodePriority
                0x080021b8       0x66 ./Drivers/STM32F3xx_HAL_Driver/Src/stm32f3xx_hal_cortex.o
 *fill*         0x0800221e        0x2 
 .text.SysTick_Config
                0x08002220       0x44 ./Drivers/STM32F3xx_HAL_Driver/Src/stm32f3xx_hal_cortex.o
 .text.HAL_NVIC_SetPriorityGrouping
                0x08002264       0x16 ./Drivers/STM32F3xx_HAL_Driver/Src/stm32f3xx_hal_cortex.o
                0x08002264                HAL_NVIC_SetPriorityGrouping
 .text.HAL_NVIC_SetPriority
                0x0800227a       0x38 ./Drivers/STM32F3xx_HAL_Driver/Src/stm32f3xx_hal_cortex.o
                0x0800227a                HAL_NVIC_SetPriority
 .text.HAL_NVIC_EnableIRQ
                0x080022b2       0x1c ./Drivers/STM32F3xx_HAL_Driver/Src/stm32f3xx_hal_cortex.o
                0x080022b2                HAL_NVIC_EnableIRQ
 .text.HAL_SYSTICK_Config
                0x080022ce       0x18 ./Drivers/STM32F3xx_HAL_Driver/Src/stm32f3xx_hal_cortex.o
                0x080022ce                HAL_SYSTICK_Config
 .text.HAL_DMA_Init
                0x080022e6       0x8e ./Drivers/STM32F3xx_HAL_Driver/Src/stm32f3xx_hal_dma.o
                0x080022e6                HAL_DMA_Init
 .text.HAL_DMA_Start_IT
                0x08002374       0xbe ./Drivers/STM32F3xx_HAL_Driver/Src/stm32f3xx_hal_dma.o
                0x08002374                HAL_DMA_Start_IT
 .text.HAL_DMA_IRQHandler
                0x08002432      0x146 ./Drivers/STM32F3xx_HAL_Driver/Src/stm32f3xx_hal_dma.o
                0x08002432                HAL_DMA_IRQHandler
 .text.DMA_SetConfig
                0x08002578       0x5c ./Drivers/STM32F3xx_HAL_Driver/Src/stm32f3xx_hal_dma.o
 .text.DMA_CalcBaseAndBitshift
                0x080025d4       0x40 ./Drivers/STM32F3xx_HAL_Driver/Src/stm32f3xx_hal_dma.o
 .text.HAL_GPIO_Init
                0x08002614      0x2e4 ./Drivers/STM32F3xx_HAL_Driver/Src/stm32f3xx_hal_gpio.o
                0x08002614                HAL_GPIO_Init
 .text.HAL_GPIO_WritePin
                0x080028f8       0x30 ./Drivers/STM32F3xx_HAL_Driver/Src/stm32f3xx_hal_gpio.o
                0x080028f8                HAL_GPIO_WritePin
 .text.HAL_GPIO_TogglePin
                0x08002928       0x34 ./Drivers/STM32F3xx_HAL_Driver/Src/stm32f3xx_hal_gpio.o
                0x08002928                HAL_GPIO_TogglePin
 .text.HAL_RCC_OscConfig
                0x0800295c     0x107c ./Drivers/STM32F3xx_HAL_Driver/Src/stm32f3xx_hal_rcc.o
                0x0800295c                HAL_RCC_OscConfig
 .text.HAL_RCC_ClockConfig
                0x080039d8      0x2f8 ./Drivers/STM32F3xx_HAL_Driver/Src/stm32f3xx_hal_rcc.o
                0x080039d8                HAL_RCC_ClockConfig
 .text.HAL_RCC_GetSysClockFreq
                0x08003cd0       0xac ./Drivers/STM32F3xx_HAL_Driver/Src/stm32f3xx_hal_rcc.o
                0x08003cd0                HAL_RCC_GetSysClockFreq
 .text.HAL_RCCEx_PeriphCLKConfig
                0x08003d7c      0x24c ./Drivers/STM32F3xx_HAL_Driver/Src/stm32f3xx_hal_rcc_ex.o
                0x08003d7c                HAL_RCCEx_PeriphCLKConfig
 .text.memset   0x08003fc8       0x10 C:/ST_mikrokontroler/STM32CubeIDE_1.15.1/STM32CubeIDE/plugins/com.st.stm32cube.ide.mcu.externaltools.gnu-tools-for-stm32.12.3.rel1.win32_1.0.200.202406191623/tools/bin/../lib/gcc/arm-none-eabi/12.3.1/../../../../arm-none-eabi/lib/thumb/v7e-m+fp/hard\libc_nano.a(libc_a-memset.o)
                0x08003fc8                memset
 .text.__libc_init_array
                0x08003fd8       0x48 C:/ST_mikrokontroler/STM32CubeIDE_1.15.1/STM32CubeIDE/plugins/com.st.stm32cube.ide.mcu.externaltools.gnu-tools-for-stm32.12.3.rel1.win32_1.0.200.202406191623/tools/bin/../lib/gcc/arm-none-eabi/12.3.1/../../../../arm-none-eabi/lib/thumb/v7e-m+fp/hard\libc_nano.a(libc_a-init.o)
                0x08003fd8                __libc_init_array
 *(.glue_7)
 .glue_7        0x08004020        0x0 linker stubs
 *(.glue_7t)
 .glue_7t       0x08004020        0x0 linker stubs
 *(.eh_frame)
 .eh_frame      0x08004020        0x0 C:/ST_mikrokontroler/STM32CubeIDE_1.15.1/STM32CubeIDE/plugins/com.st.stm32cube.ide.mcu.externaltools.gnu-tools-for-stm32.12.3.rel1.win32_1.0.200.202406191623/tools/bin/../lib/gcc/arm-none-eabi/12.3.1/thumb/v7e-m+fp/hard/crtbegin.o
 *(.init)
 .init          0x08004020        0x4 C:/ST_mikrokontroler/STM32CubeIDE_1.15.1/STM32CubeIDE/plugins/com.st.stm32cube.ide.mcu.externaltools.gnu-tools-for-stm32.12.3.rel1.win32_1.0.200.202406191623/tools/bin/../lib/gcc/arm-none-eabi/12.3.1/thumb/v7e-m+fp/hard/crti.o
                0x08004020                _init
 .init          0x08004024        0x8 C:/ST_mikrokontroler/STM32CubeIDE_1.15.1/STM32CubeIDE/plugins/com.st.stm32cube.ide.mcu.externaltools.gnu-tools-for-stm32.12.3.rel1.win32_1.0.200.202406191623/tools/bin/../lib/gcc/arm-none-eabi/12.3.1/thumb/v7e-m+fp/hard/crtn.o
 *(.fini)
 .fini          0x0800402c        0x4 C:/ST_mikrokontroler/STM32CubeIDE_1.15.1/STM32CubeIDE/plugins/com.st.stm32cube.ide.mcu.externaltools.gnu-tools-for-stm32.12.3.rel1.win32_1.0.200.202406191623/tools/bin/../lib/gcc/arm-none-eabi/12.3.1/thumb/v7e-m+fp/hard/crti.o
                0x0800402c                _fini
 .fini          0x08004030        0x8 C:/ST_mikrokontroler/STM32CubeIDE_1.15.1/STM32CubeIDE/plugins/com.st.stm32cube.ide.mcu.externaltools.gnu-tools-for-stm32.12.3.rel1.win32_1.0.200.202406191623/tools/bin/../lib/gcc/arm-none-eabi/12.3.1/thumb/v7e-m+fp/hard/crtn.o
                0x08004038                        . = ALIGN (0x4)
                0x08004038                        _etext = .

.vfp11_veneer   0x08004038        0x0
 .vfp11_veneer  0x08004038        0x0 linker stubs

.v4_bx          0x08004038        0x0
 .v4_bx         0x08004038        0x0 linker stubs

.iplt           0x08004038        0x0
 .iplt          0x08004038        0x0 C:/ST_mikrokontroler/STM32CubeIDE_1.15.1/STM32CubeIDE/plugins/com.st.stm32cube.ide.mcu.externaltools.gnu-tools-for-stm32.12.3.rel1.win32_1.0.200.202406191623/tools/bin/../lib/gcc/arm-none-eabi/12.3.1/thumb/v7e-m+fp/hard/crtbegin.o

.rodata         0x08004038       0x30
                0x08004038                        . = ALIGN (0x4)
 *(.rodata)
 *(.rodata*)
 .rodata.AHBPrescTable
                0x08004038       0x10 ./Core/Src/system_stm32f3xx.o
                0x08004038                AHBPrescTable
 .rodata.aPLLMULFactorTable
                0x08004048       0x10 ./Drivers/STM32F3xx_HAL_Driver/Src/stm32f3xx_hal_rcc.o
 .rodata.aPredivFactorTable
                0x08004058       0x10 ./Drivers/STM32F3xx_HAL_Driver/Src/stm32f3xx_hal_rcc.o
                0x08004068                        . = ALIGN (0x4)

.ARM.extab      0x08004068        0x0
                0x08004068                        . = ALIGN (0x4)
 *(.ARM.extab* .gnu.linkonce.armextab.*)
                0x08004068                        . = ALIGN (0x4)

.ARM            0x08004068        0x0
                0x08004068                        . = ALIGN (0x4)
                0x08004068                        __exidx_start = .
 *(.ARM.exidx*)
                0x08004068                        __exidx_end = .
                0x08004068                        . = ALIGN (0x4)

.preinit_array  0x08004068        0x0
                0x08004068                        . = ALIGN (0x4)
                0x08004068                        PROVIDE (__preinit_array_start = .)
 *(.preinit_array*)
                0x08004068                        PROVIDE (__preinit_array_end = .)
                0x08004068                        . = ALIGN (0x4)

.init_array     0x08004068        0x4
                0x08004068                        . = ALIGN (0x4)
                0x08004068                        PROVIDE (__init_array_start = .)
 *(SORT_BY_NAME(.init_array.*))
 *(.init_array*)
 .init_array    0x08004068        0x4 C:/ST_mikrokontroler/STM32CubeIDE_1.15.1/STM32CubeIDE/plugins/com.st.stm32cube.ide.mcu.externaltools.gnu-tools-for-stm32.12.3.rel1.win32_1.0.200.202406191623/tools/bin/../lib/gcc/arm-none-eabi/12.3.1/thumb/v7e-m+fp/hard/crtbegin.o
                0x0800406c                        PROVIDE (__init_array_end = .)
                0x0800406c                        . = ALIGN (0x4)

.fini_array     0x0800406c        0x4
                0x0800406c                        . = ALIGN (0x4)
                [!provide]                        PROVIDE (__fini_array_start = .)
 *(SORT_BY_NAME(.fini_array.*))
 *(.fini_array*)
 .fini_array    0x0800406c        0x4 C:/ST_mikrokontroler/STM32CubeIDE_1.15.1/STM32CubeIDE/plugins/com.st.stm32cube.ide.mcu.externaltools.gnu-tools-for-stm32.12.3.rel1.win32_1.0.200.202406191623/tools/bin/../lib/gcc/arm-none-eabi/12.3.1/thumb/v7e-m+fp/hard/crtbegin.o
                [!provide]                        PROVIDE (__fini_array_end = .)
                0x08004070                        . = ALIGN (0x4)
                0x08004070                        _sidata = LOADADDR (.data)

.rel.dyn        0x08004070        0x0
 .rel.iplt      0x08004070        0x0 C:/ST_mikrokontroler/STM32CubeIDE_1.15.1/STM32CubeIDE/plugins/com.st.stm32cube.ide.mcu.externaltools.gnu-tools-for-stm32.12.3.rel1.win32_1.0.200.202406191623/tools/bin/../lib/gcc/arm-none-eabi/12.3.1/thumb/v7e-m+fp/hard/crtbegin.o

.data           0x20000000        0xc load address 0x08004070
                0x20000000                        . = ALIGN (0x4)
                0x20000000                        _sdata = .
 *(.data)
 *(.data*)
 .data.SystemCoreClock
                0x20000000        0x4 ./Core/Src/system_stm32f3xx.o
                0x20000000                SystemCoreClock
 .data.uwTickPrio
                0x20000004        0x4 ./Drivers/STM32F3xx_HAL_Driver/Src/stm32f3xx_hal.o
                0x20000004                uwTickPrio
 .data.uwTickFreq
                0x20000008        0x1 ./Drivers/STM32F3xx_HAL_Driver/Src/stm32f3xx_hal.o
                0x20000008                uwTickFreq
 *(.RamFunc)
 *(.RamFunc*)
                0x2000000c                        . = ALIGN (0x4)
 *fill*         0x20000009        0x3 
                0x2000000c                        _edata = .
                0x0800407c                        _siccmram = LOADADDR (.ccmram)

.igot.plt       0x2000000c        0x0 load address 0x0800407c
 .igot.plt      0x2000000c        0x0 C:/ST_mikrokontroler/STM32CubeIDE_1.15.1/STM32CubeIDE/plugins/com.st.stm32cube.ide.mcu.externaltools.gnu-tools-for-stm32.12.3.rel1.win32_1.0.200.202406191623/tools/bin/../lib/gcc/arm-none-eabi/12.3.1/thumb/v7e-m+fp/hard/crtbegin.o

.ccmram         0x10000000        0x0 load address 0x0800407c
                0x10000000                        . = ALIGN (0x4)
                0x10000000                        _sccmram = .
 *(.ccmram)
 *(.ccmram*)
                0x10000000                        . = ALIGN (0x4)
                0x10000000                        _eccmram = .
                0x10000000                        . = ALIGN (0x4)

.bss            0x2000000c      0x1b0
                0x2000000c                        _sbss = .
                0x2000000c                        __bss_start__ = _sbss
 *(.bss)
 .bss           0x2000000c       0x1c C:/ST_mikrokontroler/STM32CubeIDE_1.15.1/STM32CubeIDE/plugins/com.st.stm32cube.ide.mcu.externaltools.gnu-tools-for-stm32.12.3.rel1.win32_1.0.200.202406191623/tools/bin/../lib/gcc/arm-none-eabi/12.3.1/thumb/v7e-m+fp/hard/crtbegin.o
 *(.bss*)
 .bss.hadc1     0x20000028       0x50 ./Core/Src/adc.o
                0x20000028                hadc1
 .bss.hadc2     0x20000078       0x50 ./Core/Src/adc.o
                0x20000078                hadc2
 .bss.hdma_adc1
                0x200000c8       0x44 ./Core/Src/adc.o
                0x200000c8                hdma_adc1
 .bss.hdma_adc2
                0x2000010c       0x44 ./Core/Src/adc.o
                0x2000010c                hdma_adc2
 .bss.HAL_RCC_ADC12_CLK_ENABLED
                0x20000150        0x4 ./Core/Src/adc.o
 .bss.hcan      0x20000154       0x28 ./Core/Src/can.o
                0x20000154                hcan
 .bss.ADC1_VAL  0x2000017c        0x6 ./Core/Src/main.o
                0x2000017c                ADC1_VAL
 *fill*         0x20000182        0x2 
 .bss.ADC2_VAL  0x20000184        0x6 ./Core/Src/main.o
                0x20000184                ADC2_VAL
 *fill*         0x2000018a        0x2 
 .bss.TxData    0x2000018c        0x8 ./Core/Src/main.o
                0x2000018c                TxData
 .bss.TxHeader  0x20000194       0x18 ./Core/Src/main.o
                0x20000194                TxHeader
 .bss.TxMailBox
                0x200001ac        0x4 ./Core/Src/main.o
                0x200001ac                TxMailBox
 .bss.isADC1finished
                0x200001b0        0x4 ./Core/Src/pedals.o
                0x200001b0                isADC1finished
 .bss.isADC2finished
                0x200001b4        0x4 ./Core/Src/pedals.o
                0x200001b4                isADC2finished
 .bss.uwTick    0x200001b8        0x4 ./Drivers/STM32F3xx_HAL_Driver/Src/stm32f3xx_hal.o
                0x200001b8                uwTick
 *(COMMON)
                0x200001bc                        . = ALIGN (0x4)
                0x200001bc                        _ebss = .
                0x200001bc                        __bss_end__ = _ebss

._user_heap_stack
                0x200001bc      0x604
                0x200001c0                        . = ALIGN (0x8)
 *fill*         0x200001bc        0x4 
                [!provide]                        PROVIDE (end = .)
                0x200001c0                        PROVIDE (_end = .)
                0x200003c0                        . = (. + _Min_Heap_Size)
 *fill*         0x200001c0      0x200 
                0x200007c0                        . = (. + _Min_Stack_Size)
 *fill*         0x200003c0      0x400 
                0x200007c0                        . = ALIGN (0x8)

/DISCARD/
 libc.a(*)
 libm.a(*)
 libgcc.a(*)

.ARM.attributes
                0x00000000       0x30
 *(.ARM.attributes)
 .ARM.attributes
                0x00000000       0x22 C:/ST_mikrokontroler/STM32CubeIDE_1.15.1/STM32CubeIDE/plugins/com.st.stm32cube.ide.mcu.externaltools.gnu-tools-for-stm32.12.3.rel1.win32_1.0.200.202406191623/tools/bin/../lib/gcc/arm-none-eabi/12.3.1/thumb/v7e-m+fp/hard/crti.o
 .ARM.attributes
                0x00000022       0x34 C:/ST_mikrokontroler/STM32CubeIDE_1.15.1/STM32CubeIDE/plugins/com.st.stm32cube.ide.mcu.externaltools.gnu-tools-for-stm32.12.3.rel1.win32_1.0.200.202406191623/tools/bin/../lib/gcc/arm-none-eabi/12.3.1/thumb/v7e-m+fp/hard/crtbegin.o
 .ARM.attributes
                0x00000056       0x34 ./Core/Src/adc.o
 .ARM.attributes
                0x0000008a       0x34 ./Core/Src/can.o
 .ARM.attributes
                0x000000be       0x34 ./Core/Src/dma.o
 .ARM.attributes
                0x000000f2       0x34 ./Core/Src/gpio.o
 .ARM.attributes
                0x00000126       0x34 ./Core/Src/main.o
 .ARM.attributes
                0x0000015a       0x34 ./Core/Src/pedals.o
 .ARM.attributes
                0x0000018e       0x34 ./Core/Src/stm32f3xx_hal_msp.o
 .ARM.attributes
                0x000001c2       0x34 ./Core/Src/stm32f3xx_it.o
 .ARM.attributes
                0x000001f6       0x34 ./Core/Src/system_stm32f3xx.o
 .ARM.attributes
                0x0000022a       0x21 ./Core/Startup/startup_stm32f303k8tx.o
 .ARM.attributes
                0x0000024b       0x34 ./Drivers/STM32F3xx_HAL_Driver/Src/stm32f3xx_hal.o
 .ARM.attributes
                0x0000027f       0x34 ./Drivers/STM32F3xx_HAL_Driver/Src/stm32f3xx_hal_adc.o
 .ARM.attributes
                0x000002b3       0x34 ./Drivers/STM32F3xx_HAL_Driver/Src/stm32f3xx_hal_adc_ex.o
 .ARM.attributes
                0x000002e7       0x34 ./Drivers/STM32F3xx_HAL_Driver/Src/stm32f3xx_hal_can.o
 .ARM.attributes
                0x0000031b       0x34 ./Drivers/STM32F3xx_HAL_Driver/Src/stm32f3xx_hal_cortex.o
 .ARM.attributes
                0x0000034f       0x34 ./Drivers/STM32F3xx_HAL_Driver/Src/stm32f3xx_hal_dma.o
 .ARM.attributes
                0x00000383       0x34 ./Drivers/STM32F3xx_HAL_Driver/Src/stm32f3xx_hal_gpio.o
 .ARM.attributes
                0x000003b7       0x34 ./Drivers/STM32F3xx_HAL_Driver/Src/stm32f3xx_hal_rcc.o
 .ARM.attributes
                0x000003eb       0x34 ./Drivers/STM32F3xx_HAL_Driver/Src/stm32f3xx_hal_rcc_ex.o
 .ARM.attributes
                0x0000041f       0x34 C:/ST_mikrokontroler/STM32CubeIDE_1.15.1/STM32CubeIDE/plugins/com.st.stm32cube.ide.mcu.externaltools.gnu-tools-for-stm32.12.3.rel1.win32_1.0.200.202406191623/tools/bin/../lib/gcc/arm-none-eabi/12.3.1/../../../../arm-none-eabi/lib/thumb/v7e-m+fp/hard\libc_nano.a(libc_a-memset.o)
 .ARM.attributes
                0x00000453       0x34 C:/ST_mikrokontroler/STM32CubeIDE_1.15.1/STM32CubeIDE/plugins/com.st.stm32cube.ide.mcu.externaltools.gnu-tools-for-stm32.12.3.rel1.win32_1.0.200.202406191623/tools/bin/../lib/gcc/arm-none-eabi/12.3.1/../../../../arm-none-eabi/lib/thumb/v7e-m+fp/hard\libc_nano.a(libc_a-init.o)
 .ARM.attributes
                0x00000487       0x22 C:/ST_mikrokontroler/STM32CubeIDE_1.15.1/STM32CubeIDE/plugins/com.st.stm32cube.ide.mcu.externaltools.gnu-tools-for-stm32.12.3.rel1.win32_1.0.200.202406191623/tools/bin/../lib/gcc/arm-none-eabi/12.3.1/thumb/v7e-m+fp/hard/crtn.o
OUTPUT(perla_pedals_alpha_ver.elf elf32-littlearm)
LOAD linker stubs
LOAD C:/ST_mikrokontroler/STM32CubeIDE_1.15.1/STM32CubeIDE/plugins/com.st.stm32cube.ide.mcu.externaltools.gnu-tools-for-stm32.12.3.rel1.win32_1.0.200.202406191623/tools/bin/../lib/gcc/arm-none-eabi/12.3.1/../../../../arm-none-eabi/lib/thumb/v7e-m+fp/hard\libc.a
LOAD C:/ST_mikrokontroler/STM32CubeIDE_1.15.1/STM32CubeIDE/plugins/com.st.stm32cube.ide.mcu.externaltools.gnu-tools-for-stm32.12.3.rel1.win32_1.0.200.202406191623/tools/bin/../lib/gcc/arm-none-eabi/12.3.1/../../../../arm-none-eabi/lib/thumb/v7e-m+fp/hard\libm.a
LOAD C:/ST_mikrokontroler/STM32CubeIDE_1.15.1/STM32CubeIDE/plugins/com.st.stm32cube.ide.mcu.externaltools.gnu-tools-for-stm32.12.3.rel1.win32_1.0.200.202406191623/tools/bin/../lib/gcc/arm-none-eabi/12.3.1/thumb/v7e-m+fp/hard\libgcc.a

.debug_info     0x00000000     0xa39e
 .debug_info    0x00000000      0xb47 ./Core/Src/adc.o
 .debug_info    0x00000b47      0x74d ./Core/Src/can.o
 .debug_info    0x00001294      0x2f3 ./Core/Src/dma.o
 .debug_info    0x00001587      0x305 ./Core/Src/gpio.o
 .debug_info    0x0000188c      0xfb3 ./Core/Src/main.o
 .debug_info    0x0000283f      0x934 ./Core/Src/pedals.o
 .debug_info    0x00003173      0x18d ./Core/Src/stm32f3xx_hal_msp.o
 .debug_info    0x00003300      0x371 ./Core/Src/stm32f3xx_it.o
 .debug_info    0x00003671      0x407 ./Core/Src/system_stm32f3xx.o
 .debug_info    0x00003a78       0x30 ./Core/Startup/startup_stm32f303k8tx.o
 .debug_info    0x00003aa8      0x74a ./Drivers/STM32F3xx_HAL_Driver/Src/stm32f3xx_hal.o
 .debug_info    0x000041f2      0xb32 ./Drivers/STM32F3xx_HAL_Driver/Src/stm32f3xx_hal_adc.o
 .debug_info    0x00004d24     0x15b2 ./Drivers/STM32F3xx_HAL_Driver/Src/stm32f3xx_hal_adc_ex.o
 .debug_info    0x000062d6      0xf02 ./Drivers/STM32F3xx_HAL_Driver/Src/stm32f3xx_hal_can.o
 .debug_info    0x000071d8      0xa87 ./Drivers/STM32F3xx_HAL_Driver/Src/stm32f3xx_hal_cortex.o
 .debug_info    0x00007c5f      0x6e1 ./Drivers/STM32F3xx_HAL_Driver/Src/stm32f3xx_hal_dma.o
 .debug_info    0x00008340      0x6a6 ./Drivers/STM32F3xx_HAL_Driver/Src/stm32f3xx_hal_gpio.o
 .debug_info    0x000089e6     0x148a ./Drivers/STM32F3xx_HAL_Driver/Src/stm32f3xx_hal_rcc.o
 .debug_info    0x00009e70      0x52e ./Drivers/STM32F3xx_HAL_Driver/Src/stm32f3xx_hal_rcc_ex.o

.debug_abbrev   0x00000000     0x2257
 .debug_abbrev  0x00000000      0x249 ./Core/Src/adc.o
 .debug_abbrev  0x00000249      0x201 ./Core/Src/can.o
 .debug_abbrev  0x0000044a       0xfc ./Core/Src/dma.o
 .debug_abbrev  0x00000546      0x151 ./Core/Src/gpio.o
 .debug_abbrev  0x00000697      0x253 ./Core/Src/main.o
 .debug_abbrev  0x000008ea      0x1e4 ./Core/Src/pedals.o
 .debug_abbrev  0x00000ace       0xc6 ./Core/Src/stm32f3xx_hal_msp.o
 .debug_abbrev  0x00000b94      0x170 ./Core/Src/stm32f3xx_it.o
 .debug_abbrev  0x00000d04      0x11a ./Core/Src/system_stm32f3xx.o
 .debug_abbrev  0x00000e1e       0x24 ./Core/Startup/startup_stm32f303k8tx.o
 .debug_abbrev  0x00000e42      0x215 ./Drivers/STM32F3xx_HAL_Driver/Src/stm32f3xx_hal.o
 .debug_abbrev  0x00001057      0x186 ./Drivers/STM32F3xx_HAL_Driver/Src/stm32f3xx_hal_adc.o
 .debug_abbrev  0x000011dd      0x28e ./Drivers/STM32F3xx_HAL_Driver/Src/stm32f3xx_hal_adc_ex.o
 .debug_abbrev  0x0000146b      0x1fc ./Drivers/STM32F3xx_HAL_Driver/Src/stm32f3xx_hal_can.o
 .debug_abbrev  0x00001667      0x2f8 ./Drivers/STM32F3xx_HAL_Driver/Src/stm32f3xx_hal_cortex.o
 .debug_abbrev  0x0000195f      0x20d ./Drivers/STM32F3xx_HAL_Driver/Src/stm32f3xx_hal_dma.o
 .debug_abbrev  0x00001b6c      0x1ca ./Drivers/STM32F3xx_HAL_Driver/Src/stm32f3xx_hal_gpio.o
 .debug_abbrev  0x00001d36      0x300 ./Drivers/STM32F3xx_HAL_Driver/Src/stm32f3xx_hal_rcc.o
 .debug_abbrev  0x00002036      0x221 ./Drivers/STM32F3xx_HAL_Driver/Src/stm32f3xx_hal_rcc_ex.o

.debug_aranges  0x00000000      0x8f0
 .debug_aranges
                0x00000000       0x38 ./Core/Src/adc.o
 .debug_aranges
                0x00000038       0x30 ./Core/Src/can.o
 .debug_aranges
                0x00000068       0x20 ./Core/Src/dma.o
 .debug_aranges
                0x00000088       0x20 ./Core/Src/gpio.o
 .debug_aranges
                0x000000a8       0x30 ./Core/Src/main.o
 .debug_aranges
                0x000000d8       0x50 ./Core/Src/pedals.o
 .debug_aranges
                0x00000128       0x20 ./Core/Src/stm32f3xx_hal_msp.o
 .debug_aranges
                0x00000148       0x70 ./Core/Src/stm32f3xx_it.o
 .debug_aranges
                0x000001b8       0x28 ./Core/Src/system_stm32f3xx.o
 .debug_aranges
                0x000001e0       0x28 ./Core/Startup/startup_stm32f303k8tx.o
 .debug_aranges
                0x00000208       0xe0 ./Drivers/STM32F3xx_HAL_Driver/Src/stm32f3xx_hal.o
 .debug_aranges
                0x000002e8       0xc8 ./Drivers/STM32F3xx_HAL_Driver/Src/stm32f3xx_hal_adc.o
 .debug_aranges
                0x000003b0      0x168 ./Drivers/STM32F3xx_HAL_Driver/Src/stm32f3xx_hal_adc_ex.o
 .debug_aranges
                0x00000518      0x138 ./Drivers/STM32F3xx_HAL_Driver/Src/stm32f3xx_hal_can.o
 .debug_aranges
                0x00000650      0x100 ./Drivers/STM32F3xx_HAL_Driver/Src/stm32f3xx_hal_cortex.o
 .debug_aranges
                0x00000750       0x88 ./Drivers/STM32F3xx_HAL_Driver/Src/stm32f3xx_hal_dma.o
 .debug_aranges
                0x000007d8       0x58 ./Drivers/STM32F3xx_HAL_Driver/Src/stm32f3xx_hal_gpio.o
 .debug_aranges
                0x00000830       0x88 ./Drivers/STM32F3xx_HAL_Driver/Src/stm32f3xx_hal_rcc.o
 .debug_aranges
                0x000008b8       0x38 ./Drivers/STM32F3xx_HAL_Driver/Src/stm32f3xx_hal_rcc_ex.o

.debug_rnglists
                0x00000000      0x695
 .debug_rnglists
                0x00000000       0x29 ./Core/Src/adc.o
 .debug_rnglists
                0x00000029       0x20 ./Core/Src/can.o
 .debug_rnglists
                0x00000049       0x13 ./Core/Src/dma.o
 .debug_rnglists
                0x0000005c       0x14 ./Core/Src/gpio.o
 .debug_rnglists
                0x00000070       0x21 ./Core/Src/main.o
 .debug_rnglists
                0x00000091       0x37 ./Core/Src/pedals.o
 .debug_rnglists
                0x000000c8       0x13 ./Core/Src/stm32f3xx_hal_msp.o
 .debug_rnglists
                0x000000db       0x4f ./Core/Src/stm32f3xx_it.o
 .debug_rnglists
                0x0000012a       0x1a ./Core/Src/system_stm32f3xx.o
 .debug_rnglists
                0x00000144       0x19 ./Core/Startup/startup_stm32f303k8tx.o
 .debug_rnglists
                0x0000015d       0xa3 ./Drivers/STM32F3xx_HAL_Driver/Src/stm32f3xx_hal.o
 .debug_rnglists
                0x00000200       0x91 ./Drivers/STM32F3xx_HAL_Driver/Src/stm32f3xx_hal_adc.o
 .debug_rnglists
                0x00000291      0x126 ./Drivers/STM32F3xx_HAL_Driver/Src/stm32f3xx_hal_adc_ex.o
 .debug_rnglists
                0x000003b7       0xee ./Drivers/STM32F3xx_HAL_Driver/Src/stm32f3xx_hal_can.o
 .debug_rnglists
                0x000004a5       0xbb ./Drivers/STM32F3xx_HAL_Driver/Src/stm32f3xx_hal_cortex.o
 .debug_rnglists
                0x00000560       0x69 ./Drivers/STM32F3xx_HAL_Driver/Src/stm32f3xx_hal_dma.o
 .debug_rnglists
                0x000005c9       0x3f ./Drivers/STM32F3xx_HAL_Driver/Src/stm32f3xx_hal_gpio.o
 .debug_rnglists
                0x00000608       0x66 ./Drivers/STM32F3xx_HAL_Driver/Src/stm32f3xx_hal_rcc.o
 .debug_rnglists
                0x0000066e       0x27 ./Drivers/STM32F3xx_HAL_Driver/Src/stm32f3xx_hal_rcc_ex.o

.debug_macro    0x00000000    0x1b148
 .debug_macro   0x00000000      0x1d9 ./Core/Src/adc.o
 .debug_macro   0x000001d9      0xab4 ./Core/Src/adc.o
 .debug_macro   0x00000c8d      0x157 ./Core/Src/adc.o
 .debug_macro   0x00000de4       0x2e ./Core/Src/adc.o
 .debug_macro   0x00000e12       0x28 ./Core/Src/adc.o
 .debug_macro   0x00000e3a       0x22 ./Core/Src/adc.o
 .debug_macro   0x00000e5c       0x8e ./Core/Src/adc.o
 .debug_macro   0x00000eea       0x51 ./Core/Src/adc.o
 .debug_macro   0x00000f3b      0x103 ./Core/Src/adc.o
 .debug_macro   0x0000103e       0x6a ./Core/Src/adc.o
 .debug_macro   0x000010a8      0x1df ./Core/Src/adc.o
 .debug_macro   0x00001287       0x1c ./Core/Src/adc.o
 .debug_macro   0x000012a3       0x22 ./Core/Src/adc.o
 .debug_macro   0x000012c5       0xd9 ./Core/Src/adc.o
 .debug_macro   0x0000139e      0xf07 ./Core/Src/adc.o
 .debug_macro   0x000022a5    0x10be0 ./Core/Src/adc.o
 .debug_macro   0x00012e85       0x6d ./Core/Src/adc.o
 .debug_macro   0x00012ef2     0x3574 ./Core/Src/adc.o
 .debug_macro   0x00016466      0x189 ./Core/Src/adc.o
 .debug_macro   0x000165ef       0x55 ./Core/Src/adc.o
 .debug_macro   0x00016644      0x8f8 ./Core/Src/adc.o
 .debug_macro   0x00016f3c      0x304 ./Core/Src/adc.o
 .debug_macro   0x00017240      0x1b5 ./Core/Src/adc.o
 .debug_macro   0x000173f5      0x11b ./Core/Src/adc.o
 .debug_macro   0x00017510      0x1d5 ./Core/Src/adc.o
 .debug_macro   0x000176e5      0x1bc ./Core/Src/adc.o
 .debug_macro   0x000178a1       0x34 ./Core/Src/adc.o
 .debug_macro   0x000178d5       0x3c ./Core/Src/adc.o
 .debug_macro   0x00017911       0x57 ./Core/Src/adc.o
 .debug_macro   0x00017968      0x87d ./Core/Src/adc.o
 .debug_macro   0x000181e5       0x77 ./Core/Src/adc.o
 .debug_macro   0x0001825c      0x408 ./Core/Src/adc.o
 .debug_macro   0x00018664       0xc5 ./Core/Src/adc.o
 .debug_macro   0x00018729      0x19f ./Core/Src/adc.o
 .debug_macro   0x000188c8      0x22c ./Core/Src/adc.o
 .debug_macro   0x00018af4       0x5b ./Core/Src/adc.o
 .debug_macro   0x00018b4f       0xa5 ./Core/Src/adc.o
 .debug_macro   0x00018bf4       0x81 ./Core/Src/adc.o
 .debug_macro   0x00018c75       0xd3 ./Core/Src/adc.o
 .debug_macro   0x00018d48      0x285 ./Core/Src/adc.o
 .debug_macro   0x00018fcd       0x10 ./Core/Src/adc.o
 .debug_macro   0x00018fdd      0x1d9 ./Core/Src/can.o
 .debug_macro   0x000191b6      0x1d9 ./Core/Src/dma.o
 .debug_macro   0x0001938f      0x1d9 ./Core/Src/gpio.o
 .debug_macro   0x00019568      0x302 ./Core/Src/main.o
 .debug_macro   0x0001986a       0x1c ./Core/Src/main.o
 .debug_macro   0x00019886      0x2bc ./Core/Src/pedals.o
 .debug_macro   0x00019b42       0x16 ./Core/Src/pedals.o
 .debug_macro   0x00019b58       0x16 ./Core/Src/pedals.o
 .debug_macro   0x00019b6e       0x29 ./Core/Src/pedals.o
 .debug_macro   0x00019b97      0x1cf ./Core/Src/stm32f3xx_hal_msp.o
 .debug_macro   0x00019d66      0x1d9 ./Core/Src/stm32f3xx_it.o
 .debug_macro   0x00019f3f      0x1c0 ./Core/Src/system_stm32f3xx.o
 .debug_macro   0x0001a0ff      0x1e4 ./Drivers/STM32F3xx_HAL_Driver/Src/stm32f3xx_hal.o
 .debug_macro   0x0001a2e3      0x1c1 ./Drivers/STM32F3xx_HAL_Driver/Src/stm32f3xx_hal_adc.o
 .debug_macro   0x0001a4a4      0x1ea ./Drivers/STM32F3xx_HAL_Driver/Src/stm32f3xx_hal_adc_ex.o
 .debug_macro   0x0001a68e      0x1cf ./Drivers/STM32F3xx_HAL_Driver/Src/stm32f3xx_hal_can.o
 .debug_macro   0x0001a85d      0x1c0 ./Drivers/STM32F3xx_HAL_Driver/Src/stm32f3xx_hal_cortex.o
 .debug_macro   0x0001aa1d      0x1c0 ./Drivers/STM32F3xx_HAL_Driver/Src/stm32f3xx_hal_dma.o
 .debug_macro   0x0001abdd      0x1c7 ./Drivers/STM32F3xx_HAL_Driver/Src/stm32f3xx_hal_gpio.o
 .debug_macro   0x0001ada4      0x1e4 ./Drivers/STM32F3xx_HAL_Driver/Src/stm32f3xx_hal_rcc.o
 .debug_macro   0x0001af88      0x1c0 ./Drivers/STM32F3xx_HAL_Driver/Src/stm32f3xx_hal_rcc_ex.o

.debug_line     0x00000000     0xeefe
 .debug_line    0x00000000      0xaa8 ./Core/Src/adc.o
 .debug_line    0x00000aa8      0x940 ./Core/Src/can.o
 .debug_line    0x000013e8      0x8d0 ./Core/Src/dma.o
 .debug_line    0x00001cb8      0x8e0 ./Core/Src/gpio.o
 .debug_line    0x00002598      0xb74 ./Core/Src/main.o
 .debug_line    0x0000310c      0xba8 ./Core/Src/pedals.o
 .debug_line    0x00003cb4      0x8d3 ./Core/Src/stm32f3xx_hal_msp.o
 .debug_line    0x00004587      0x9c5 ./Core/Src/stm32f3xx_it.o
 .debug_line    0x00004f4c      0x94c ./Core/Src/system_stm32f3xx.o
 .debug_line    0x00005898       0x7a ./Core/Startup/startup_stm32f303k8tx.o
 .debug_line    0x00005912      0xb84 ./Drivers/STM32F3xx_HAL_Driver/Src/stm32f3xx_hal.o
 .debug_line    0x00006496      0xac2 ./Drivers/STM32F3xx_HAL_Driver/Src/stm32f3xx_hal_adc.o
 .debug_line    0x00006f58     0x2262 ./Drivers/STM32F3xx_HAL_Driver/Src/stm32f3xx_hal_adc_ex.o
 .debug_line    0x000091ba     0x135e ./Drivers/STM32F3xx_HAL_Driver/Src/stm32f3xx_hal_can.o
 .debug_line    0x0000a518      0xd6a ./Drivers/STM32F3xx_HAL_Driver/Src/stm32f3xx_hal_cortex.o
 .debug_line    0x0000b282      0xe6e ./Drivers/STM32F3xx_HAL_Driver/Src/stm32f3xx_hal_dma.o
 .debug_line    0x0000c0f0      0xce7 ./Drivers/STM32F3xx_HAL_Driver/Src/stm32f3xx_hal_gpio.o
 .debug_line    0x0000cdd7     0x1519 ./Drivers/STM32F3xx_HAL_Driver/Src/stm32f3xx_hal_rcc.o
 .debug_line    0x0000e2f0      0xc0e ./Drivers/STM32F3xx_HAL_Driver/Src/stm32f3xx_hal_rcc_ex.o

.debug_str      0x00000000    0xa032a
 .debug_str     0x00000000    0x9a335 ./Core/Src/adc.o
                              0x9a687 (size before relaxing)
 .debug_str     0x0009a335      0x26a ./Core/Src/can.o
                              0x9a3bd (size before relaxing)
 .debug_str     0x0009a59f      0x298 ./Core/Src/dma.o
                              0x9a31d (size before relaxing)
 .debug_str     0x0009a837       0x68 ./Core/Src/gpio.o
                              0x9a0d5 (size before relaxing)
 .debug_str     0x0009a89f     0x3b11 ./Core/Src/main.o
                              0x9e20f (size before relaxing)
 .debug_str     0x0009e3b0      0x2ab ./Core/Src/pedals.o
                              0x9d843 (size before relaxing)
 .debug_str     0x0009e65b       0x2c ./Core/Src/stm32f3xx_hal_msp.o
                              0x9a00a (size before relaxing)
 .debug_str     0x0009e687      0x10e ./Core/Src/stm32f3xx_it.o
                              0x9a27d (size before relaxing)
 .debug_str     0x0009e795       0xdf ./Core/Src/system_stm32f3xx.o
                              0x9a0a1 (size before relaxing)
 .debug_str     0x0009e874       0x44 ./Core/Startup/startup_stm32f303k8tx.o
                                 0x70 (size before relaxing)
 .debug_str     0x0009e8b8      0x397 ./Drivers/STM32F3xx_HAL_Driver/Src/stm32f3xx_hal.o
                              0x9a791 (size before relaxing)
 .debug_str     0x0009ec4f      0x1e4 ./Drivers/STM32F3xx_HAL_Driver/Src/stm32f3xx_hal_adc.o
                              0x9a68e (size before relaxing)
 .debug_str     0x0009ee33      0x6cd ./Drivers/STM32F3xx_HAL_Driver/Src/stm32f3xx_hal_adc_ex.o
                              0x9ada7 (size before relaxing)
 .debug_str     0x0009f500      0x53a ./Drivers/STM32F3xx_HAL_Driver/Src/stm32f3xx_hal_can.o
                              0x9a830 (size before relaxing)
 .debug_str     0x0009fa3a      0x22c ./Drivers/STM32F3xx_HAL_Driver/Src/stm32f3xx_hal_cortex.o
                              0x9a6b6 (size before relaxing)
 .debug_str     0x0009fc66      0x1ff ./Drivers/STM32F3xx_HAL_Driver/Src/stm32f3xx_hal_dma.o
                              0x9a3e9 (size before relaxing)
 .debug_str     0x0009fe65      0x144 ./Drivers/STM32F3xx_HAL_Driver/Src/stm32f3xx_hal_gpio.o
                              0x9a280 (size before relaxing)
 .debug_str     0x0009ffa9      0x2c3 ./Drivers/STM32F3xx_HAL_Driver/Src/stm32f3xx_hal_rcc.o
                              0x9a541 (size before relaxing)
 .debug_str     0x000a026c       0xbe ./Drivers/STM32F3xx_HAL_Driver/Src/stm32f3xx_hal_rcc_ex.o
                              0x9a240 (size before relaxing)

.comment        0x00000000       0x43
 .comment       0x00000000       0x43 ./Core/Src/adc.o
                                 0x44 (size before relaxing)
 .comment       0x00000043       0x44 ./Core/Src/can.o
 .comment       0x00000043       0x44 ./Core/Src/dma.o
 .comment       0x00000043       0x44 ./Core/Src/gpio.o
 .comment       0x00000043       0x44 ./Core/Src/main.o
 .comment       0x00000043       0x44 ./Core/Src/pedals.o
 .comment       0x00000043       0x44 ./Core/Src/stm32f3xx_hal_msp.o
 .comment       0x00000043       0x44 ./Core/Src/stm32f3xx_it.o
 .comment       0x00000043       0x44 ./Core/Src/system_stm32f3xx.o
 .comment       0x00000043       0x44 ./Drivers/STM32F3xx_HAL_Driver/Src/stm32f3xx_hal.o
 .comment       0x00000043       0x44 ./Drivers/STM32F3xx_HAL_Driver/Src/stm32f3xx_hal_adc.o
 .comment       0x00000043       0x44 ./Drivers/STM32F3xx_HAL_Driver/Src/stm32f3xx_hal_adc_ex.o
 .comment       0x00000043       0x44 ./Drivers/STM32F3xx_HAL_Driver/Src/stm32f3xx_hal_can.o
 .comment       0x00000043       0x44 ./Drivers/STM32F3xx_HAL_Driver/Src/stm32f3xx_hal_cortex.o
 .comment       0x00000043       0x44 ./Drivers/STM32F3xx_HAL_Driver/Src/stm32f3xx_hal_dma.o
 .comment       0x00000043       0x44 ./Drivers/STM32F3xx_HAL_Driver/Src/stm32f3xx_hal_gpio.o
 .comment       0x00000043       0x44 ./Drivers/STM32F3xx_HAL_Driver/Src/stm32f3xx_hal_rcc.o
 .comment       0x00000043       0x44 ./Drivers/STM32F3xx_HAL_Driver/Src/stm32f3xx_hal_rcc_ex.o

.debug_frame    0x00000000     0x2204
 .debug_frame   0x00000000       0xa0 ./Core/Src/adc.o
 .debug_frame   0x000000a0       0x74 ./Core/Src/can.o
 .debug_frame   0x00000114       0x34 ./Core/Src/dma.o
 .debug_frame   0x00000148       0x34 ./Core/Src/gpio.o
 .debug_frame   0x0000017c       0x6c ./Core/Src/main.o
 .debug_frame   0x000001e8      0x120 ./Core/Src/pedals.o
 .debug_frame   0x00000308       0x38 ./Core/Src/stm32f3xx_hal_msp.o
 .debug_frame   0x00000340      0x13c ./Core/Src/stm32f3xx_it.o
 .debug_frame   0x0000047c       0x58 ./Core/Src/system_stm32f3xx.o
 .debug_frame   0x000004d4      0x334 ./Drivers/STM32F3xx_HAL_Driver/Src/stm32f3xx_hal.o
 .debug_frame   0x00000808      0x380 ./Drivers/STM32F3xx_HAL_Driver/Src/stm32f3xx_hal_adc.o
 .debug_frame   0x00000b88      0x638 ./Drivers/STM32F3xx_HAL_Driver/Src/stm32f3xx_hal_adc_ex.o
 .debug_frame   0x000011c0      0x5a0 ./Drivers/STM32F3xx_HAL_Driver/Src/stm32f3xx_hal_can.o
 .debug_frame   0x00001760      0x428 ./Drivers/STM32F3xx_HAL_Driver/Src/stm32f3xx_hal_cortex.o
 .debug_frame   0x00001b88      0x224 ./Drivers/STM32F3xx_HAL_Driver/Src/stm32f3xx_hal_dma.o
 .debug_frame   0x00001dac      0x14c ./Drivers/STM32F3xx_HAL_Driver/Src/stm32f3xx_hal_gpio.o
 .debug_frame   0x00001ef8      0x214 ./Drivers/STM32F3xx_HAL_Driver/Src/stm32f3xx_hal_rcc.o
 .debug_frame   0x0000210c       0xac ./Drivers/STM32F3xx_HAL_Driver/Src/stm32f3xx_hal_rcc_ex.o
 .debug_frame   0x000021b8       0x20 C:/ST_mikrokontroler/STM32CubeIDE_1.15.1/STM32CubeIDE/plugins/com.st.stm32cube.ide.mcu.externaltools.gnu-tools-for-stm32.12.3.rel1.win32_1.0.200.202406191623/tools/bin/../lib/gcc/arm-none-eabi/12.3.1/../../../../arm-none-eabi/lib/thumb/v7e-m+fp/hard\libc_nano.a(libc_a-memset.o)
 .debug_frame   0x000021d8       0x2c C:/ST_mikrokontroler/STM32CubeIDE_1.15.1/STM32CubeIDE/plugins/com.st.stm32cube.ide.mcu.externaltools.gnu-tools-for-stm32.12.3.rel1.win32_1.0.200.202406191623/tools/bin/../lib/gcc/arm-none-eabi/12.3.1/../../../../arm-none-eabi/lib/thumb/v7e-m+fp/hard\libc_nano.a(libc_a-init.o)

.debug_line_str
                0x00000000       0x54
 .debug_line_str
                0x00000000       0x54 ./Core/Startup/startup_stm32f303k8tx.o
