Archive member included to satisfy reference by file (symbol)

D:/STM32/App/STM32CubeIDE_1.19.0/STM32CubeIDE/plugins/com.st.stm32cube.ide.mcu.externaltools.gnu-tools-for-stm32.13.3.rel1.win32_1.0.0.202411081344/tools/bin/../lib/gcc/arm-none-eabi/13.3.1/../../../../arm-none-eabi/lib/thumb/v7e-m+fp/hard\libc_nano.a(libc_a-exit.o)
                              D:/STM32/App/STM32CubeIDE_1.19.0/STM32CubeIDE/plugins/com.st.stm32cube.ide.mcu.externaltools.gnu-tools-for-stm32.13.3.rel1.win32_1.0.0.202411081344/tools/bin/../lib/gcc/arm-none-eabi/13.3.1/../../../../arm-none-eabi/lib/thumb/v7e-m+fp/hard/crt0.o (exit)
D:/STM32/App/STM32CubeIDE_1.19.0/STM32CubeIDE/plugins/com.st.stm32cube.ide.mcu.externaltools.gnu-tools-for-stm32.13.3.rel1.win32_1.0.0.202411081344/tools/bin/../lib/gcc/arm-none-eabi/13.3.1/../../../../arm-none-eabi/lib/thumb/v7e-m+fp/hard\libc_nano.a(libc_a-findfp.o)
                              D:/STM32/App/STM32CubeIDE_1.19.0/STM32CubeIDE/plugins/com.st.stm32cube.ide.mcu.externaltools.gnu-tools-for-stm32.13.3.rel1.win32_1.0.0.202411081344/tools/bin/../lib/gcc/arm-none-eabi/13.3.1/../../../../arm-none-eabi/lib/thumb/v7e-m+fp/hard\libc_nano.a(libc_a-exit.o) (__stdio_exit_handler)
D:/STM32/App/STM32CubeIDE_1.19.0/STM32CubeIDE/plugins/com.st.stm32cube.ide.mcu.externaltools.gnu-tools-for-stm32.13.3.rel1.win32_1.0.0.202411081344/tools/bin/../lib/gcc/arm-none-eabi/13.3.1/../../../../arm-none-eabi/lib/thumb/v7e-m+fp/hard\libc_nano.a(libc_a-fwalk.o)
                              D:/STM32/App/STM32CubeIDE_1.19.0/STM32CubeIDE/plugins/com.st.stm32cube.ide.mcu.externaltools.gnu-tools-for-stm32.13.3.rel1.win32_1.0.0.202411081344/tools/bin/../lib/gcc/arm-none-eabi/13.3.1/../../../../arm-none-eabi/lib/thumb/v7e-m+fp/hard\libc_nano.a(libc_a-findfp.o) (_fwalk_sglue)
D:/STM32/App/STM32CubeIDE_1.19.0/STM32CubeIDE/plugins/com.st.stm32cube.ide.mcu.externaltools.gnu-tools-for-stm32.13.3.rel1.win32_1.0.0.202411081344/tools/bin/../lib/gcc/arm-none-eabi/13.3.1/../../../../arm-none-eabi/lib/thumb/v7e-m+fp/hard\libc_nano.a(libc_a-stdio.o)
                              D:/STM32/App/STM32CubeIDE_1.19.0/STM32CubeIDE/plugins/com.st.stm32cube.ide.mcu.externaltools.gnu-tools-for-stm32.13.3.rel1.win32_1.0.0.202411081344/tools/bin/../lib/gcc/arm-none-eabi/13.3.1/../../../../arm-none-eabi/lib/thumb/v7e-m+fp/hard\libc_nano.a(libc_a-findfp.o) (__sread)
D:/STM32/App/STM32CubeIDE_1.19.0/STM32CubeIDE/plugins/com.st.stm32cube.ide.mcu.externaltools.gnu-tools-for-stm32.13.3.rel1.win32_1.0.0.202411081344/tools/bin/../lib/gcc/arm-none-eabi/13.3.1/../../../../arm-none-eabi/lib/thumb/v7e-m+fp/hard\libc_nano.a(libc_a-memset.o)
                              D:/STM32/App/STM32CubeIDE_1.19.0/STM32CubeIDE/plugins/com.st.stm32cube.ide.mcu.externaltools.gnu-tools-for-stm32.13.3.rel1.win32_1.0.0.202411081344/tools/bin/../lib/gcc/arm-none-eabi/13.3.1/../../../../arm-none-eabi/lib/thumb/v7e-m+fp/hard/crt0.o (memset)
D:/STM32/App/STM32CubeIDE_1.19.0/STM32CubeIDE/plugins/com.st.stm32cube.ide.mcu.externaltools.gnu-tools-for-stm32.13.3.rel1.win32_1.0.0.202411081344/tools/bin/../lib/gcc/arm-none-eabi/13.3.1/../../../../arm-none-eabi/lib/thumb/v7e-m+fp/hard\libc_nano.a(libc_a-closer.o)
                              D:/STM32/App/STM32CubeIDE_1.19.0/STM32CubeIDE/plugins/com.st.stm32cube.ide.mcu.externaltools.gnu-tools-for-stm32.13.3.rel1.win32_1.0.0.202411081344/tools/bin/../lib/gcc/arm-none-eabi/13.3.1/../../../../arm-none-eabi/lib/thumb/v7e-m+fp/hard\libc_nano.a(libc_a-stdio.o) (_close_r)
D:/STM32/App/STM32CubeIDE_1.19.0/STM32CubeIDE/plugins/com.st.stm32cube.ide.mcu.externaltools.gnu-tools-for-stm32.13.3.rel1.win32_1.0.0.202411081344/tools/bin/../lib/gcc/arm-none-eabi/13.3.1/../../../../arm-none-eabi/lib/thumb/v7e-m+fp/hard\libc_nano.a(libc_a-reent.o)
                              D:/STM32/App/STM32CubeIDE_1.19.0/STM32CubeIDE/plugins/com.st.stm32cube.ide.mcu.externaltools.gnu-tools-for-stm32.13.3.rel1.win32_1.0.0.202411081344/tools/bin/../lib/gcc/arm-none-eabi/13.3.1/../../../../arm-none-eabi/lib/thumb/v7e-m+fp/hard\libc_nano.a(libc_a-closer.o) (errno)
D:/STM32/App/STM32CubeIDE_1.19.0/STM32CubeIDE/plugins/com.st.stm32cube.ide.mcu.externaltools.gnu-tools-for-stm32.13.3.rel1.win32_1.0.0.202411081344/tools/bin/../lib/gcc/arm-none-eabi/13.3.1/../../../../arm-none-eabi/lib/thumb/v7e-m+fp/hard\libc_nano.a(libc_a-impure.o)
                              D:/STM32/App/STM32CubeIDE_1.19.0/STM32CubeIDE/plugins/com.st.stm32cube.ide.mcu.externaltools.gnu-tools-for-stm32.13.3.rel1.win32_1.0.0.202411081344/tools/bin/../lib/gcc/arm-none-eabi/13.3.1/../../../../arm-none-eabi/lib/thumb/v7e-m+fp/hard\libc_nano.a(libc_a-reent.o) (_impure_ptr)
D:/STM32/App/STM32CubeIDE_1.19.0/STM32CubeIDE/plugins/com.st.stm32cube.ide.mcu.externaltools.gnu-tools-for-stm32.13.3.rel1.win32_1.0.0.202411081344/tools/bin/../lib/gcc/arm-none-eabi/13.3.1/../../../../arm-none-eabi/lib/thumb/v7e-m+fp/hard\libc_nano.a(libc_a-lseekr.o)
[...]
Memory Configuration

Name             Origin             Length             Attributes
CCMRAM           0x10000000         0x00001000         xrw
RAM              0x20000000         0x00003000         xrw
FLASH            0x08000000         0x00010000         xr
*default*        0x00000000         0xffffffff

Linker script and memory map

LOAD D:/STM32/App/STM32CubeIDE_1.19.0/STM32CubeIDE/plugins/com.st.stm32cube.ide.mcu.externaltools.gnu-tools-for-stm32.13.3.rel1.win32_1.0.0.202411081344/tools/bin/../lib/gcc/arm-none-eabi/13.3.1/thumb/v7e-m+fp/hard/crti.o
LOAD D:/STM32/App/STM32CubeIDE_1.19.0/STM32CubeIDE/plugins/com.st.stm32cube.ide.mcu.externaltools.gnu-tools-for-stm32.13.3.rel1.win32_1.0.0.202411081344/tools/bin/../lib/gcc/arm-none-eabi/13.3.1/thumb/v7e-m+fp/hard/crtbegin.o
LOAD D:/STM32/App/STM32CubeIDE_1.19.0/STM32CubeIDE/plugins/com.st.stm32cube.ide.mcu.externaltools.gnu-tools-for-stm32.13.3.rel1.win32_1.0.0.202411081344/tools/bin/../lib/gcc/arm-none-eabi/13.3.1/../../../../arm-none-eabi/lib/thumb/v7e-m+fp/hard/crt0.o
LOAD ./Core/Src/adc.o
LOAD ./Core/Src/can.o
LOAD ./Core/Src/can_driver.o
LOAD ./Core/Src/dma.o
LOAD ./Core/Src/gpio.o
LOAD ./Core/Src/main.o
LOAD ./Core/Src/pedals.o
LOAD ./Core/Src/stm32f3xx_hal_msp.o
LOAD ./Core/Src/stm32f3xx_it.o
LOAD ./Core/Src/syscalls.o
LOAD ./Core/Src/sysmem.o
LOAD ./Core/Src/system_stm32f3xx.o
LOAD ./Core/Src/tim.o
LOAD ./Core/Startup/startup_stm32f303k8tx.o
LOAD ./Drivers/STM32F3xx_HAL_Driver/Src/stm32f3xx_hal.o
LOAD ./Drivers/STM32F3xx_HAL_Driver/Src/stm32f3xx_hal_adc.o
LOAD ./Drivers/STM32F3xx_HAL_Driver/Src/stm32f3xx_hal_adc_ex.o
LOAD ./Drivers/STM32F3xx_HAL_Driver/Src/stm32f3xx_hal_can.o
LOAD ./Drivers/STM32F3xx_HAL_Driver/Src/stm32f3xx_hal_cortex.o
LOAD ./Drivers/STM32F3xx_HAL_Driver/Src/stm32f3xx_hal_dma.o
LOAD ./Drivers/STM32F3xx_HAL_Driver/Src/stm32f3xx_hal_exti.o
LOAD ./Drivers/STM32F3xx_HAL_Driver/Src/stm32f3xx_hal_flash.o
LOAD ./Drivers/STM32F3xx_HAL_Driver/Src/stm32f3xx_hal_flash_ex.o
LOAD ./Drivers/STM32F3xx_HAL_Driver/Src/stm32f3xx_hal_gpio.o
LOAD ./Drivers/STM32F3xx_HAL_Driver/Src/stm32f3xx_hal_i2c.o
LOAD ./Drivers/STM32F3xx_HAL_Driver/Src/stm32f3xx_hal_i2c_ex.o
LOAD ./Drivers/STM32F3xx_HAL_Driver/Src/stm32f3xx_hal_pwr.o
LOAD ./Drivers/STM32F3xx_HAL_Driver/Src/stm32f3xx_hal_pwr_ex.o
LOAD ./Drivers/STM32F3xx_HAL_Driver/Src/stm32f3xx_hal_rcc.o
LOAD ./Drivers/STM32F3xx_HAL_Driver/Src/stm32f3xx_hal_rcc_ex.o
LOAD ./Drivers/STM32F3xx_HAL_Driver/Src/stm32f3xx_hal_tim.o
LOAD ./Drivers/STM32F3xx_HAL_Driver/Src/stm32f3xx_hal_tim_ex.o
START GROUP
LOAD D:/STM32/App/STM32CubeIDE_1.19.0/STM32CubeIDE/plugins/com.st.stm32cube.ide.mcu.externaltools.gnu-tools-for-stm32.13.3.rel1.win32_1.0.0.202411081344/tools/bin/../lib/gcc/arm-none-eabi/13.3.1/../../../../arm-none-eabi/lib/thumb/v7e-m+fp/hard\libc_nano.a
LOAD D:/STM32/App/STM32CubeIDE_1.19.0/STM32CubeIDE/plugins/com.st.stm32cube.ide.mcu.externaltools.gnu-tools-for-stm32.13.3.rel1.win32_1.0.0.202411081344/tools/bin/../lib/gcc/arm-none-eabi/13.3.1/../../../../arm-none-eabi/lib/thumb/v7e-m+fp/hard\libm.a
END GROUP
START GROUP
LOAD D:/STM32/App/STM32CubeIDE_1.19.0/STM32CubeIDE/plugins/com.st.stm32cube.ide.mcu.externaltools.gnu-tools-for-stm32.13.3.rel1.win32_1.0.0.202411081344/tools/bin/../lib/gcc/arm-none-eabi/13.3.1/thumb/v7e-m+fp/hard\libgcc.a
LOAD D:/STM32/App/STM32CubeIDE_1.19.0/STM32CubeIDE/plugins/com.st.stm32cube.ide.mcu.externaltools.gnu-tools-for-stm32.13.3.rel1.win32_1.0.0.202411081344/tools/bin/../lib/gcc/arm-none-eabi/13.3.1/../../../../arm-none-eabi/lib/thumb/v7e-m+fp/hard\libc_nano.a
END GROUP
START GROUP
LOAD D:/STM32/App/STM32CubeIDE_1.19.0/STM32CubeIDE/plugins/com.st.stm32cube.ide.mcu.externaltools.gnu-tools-for-stm32.13.3.rel1.win32_1.0.0.202411081344/tools/bin/../lib/gcc/arm-none-eabi/13.3.1/thumb/v7e-m+fp/hard\libgcc.a
LOAD D:/STM32/App/STM32CubeIDE_1.19.0/STM32CubeIDE/plugins/com.st.stm32cube.ide.mcu.externaltools.gnu-tools-for-stm32.13.3.rel1.win32_1.0.0.202411081344/tools/bin/../lib/gcc/arm-none-eabi/13.3.1/../../../../arm-none-eabi/lib/thumb/v7e-m+fp/hard\libc_nano.a
LOAD D:/STM32/App/STM32CubeIDE_1.19.0/STM32CubeIDE/plugins/com.st.stm32cube.ide.mcu.externaltools.gnu-tools-for-stm32.13.3.rel1.win32_1.0.0.202411081344/tools/bin/../lib/gcc/arm-none-eabi/13.3.1/../../../../arm-none-eabi/lib/thumb/v7e-m+fp/hard\libnosys.a
END GROUP
START GROUP
LOAD D:/STM32/App/STM32CubeIDE_1.19.0/STM32CubeIDE/plugins/com.st.stm32cube.ide.mcu.externaltools.gnu-tools-for-stm32.13.3.rel1.win32_1.0.0.202411081344/tools/bin/../lib/gcc/arm-none-eabi/13.3.1/thumb/v7e-m+fp/hard\libgcc.a
LOAD D:/STM32/App/STM32CubeIDE_1.19.0/STM32CubeIDE/plugins/com.st.stm32cube.ide.mcu.externaltools.gnu-tools-for-stm32.13.3.rel1.win32_1.0.0.202411081344/tools/bin/../lib/gcc/arm-none-eabi/13.3.1/../../../../arm-none-eabi/lib/thumb/v7e-m+fp/hard\libc_nano.a
LOAD D:/STM32/App/STM32CubeIDE_1.19.0/STM32CubeIDE/plugins/com.st.stm32cube.ide.mcu.externaltools.gnu-tools-for-stm32.13.3.rel1.win32_1.0.0.202411081344/tools/bin/../lib/gcc/arm-none-eabi/13.3.1/../../../../arm-none-eabi/lib/thumb/v7e-m+fp/hard\libnosys.a
END GROUP
LOAD D:/STM32/App/STM32CubeIDE_1.19.0/STM32CubeIDE/plugins/com.st.stm32cube.ide.mcu.externaltools.gnu-tools-for-stm32.13.3.rel1.win32_1.0.0.202411081344/tools/bin/../lib/gcc/arm-none-eabi/13.3.1/thumb/v7e-m+fp/hard/crtend.o
LOAD D:/STM32/App/STM32CubeIDE_1.19.0/STM32CubeIDE/plugins/com.st.stm32cube.ide.mcu.externaltools.gnu-tools-for-stm32.13.3.rel1.win32_1.0.0.202411081344/tools/bin/../lib/gcc/arm-none-eabi/13.3.1/thumb/v7e-m+fp/hard/crtn.o
                0x20003000                        _estack = (ORIGIN (RAM) + LENGTH (RAM))
                0x00000200                        _Min_Heap_Size = 0x200
                0x00000400                        _Min_Stack_Size = 0x400

.isr_vector     0x08000000      0x188
                0x08000000                        . = ALIGN (0x4)
 *(.isr_vector)
 .isr_vector    0x08000000      0x188 ./Core/Startup/startup_stm32f303k8tx.o
                0x08000000                g_pfnVectors
                0x08000188                        . = ALIGN (0x4)

.text           0x08000188     0x58f4
                0x08000188                        . = ALIGN (0x4)
 *(.text)
 .text          0x08000188       0x40 D:/STM32/App/STM32CubeIDE_1.19.0/STM32CubeIDE/plugins/com.st.stm32cube.ide.mcu.externaltools.gnu-tools-for-stm32.13.3.rel1.win32_1.0.0.202411081344/tools/bin/../lib/gcc/arm-none-eabi/13.3.1/thumb/v7e-m+fp/hard/crtbegin.o
 .text          0x080001c8      0x21c D:/STM32/App/STM32CubeIDE_1.19.0/STM32CubeIDE/plugins/com.st.stm32cube.ide.mcu.externaltools.gnu-tools-for-stm32.13.3.rel1.win32_1.0.0.202411081344/tools/bin/../lib/gcc/arm-none-eabi/13.3.1/thumb/v7e-m+fp/hard\libgcc.a(_arm_addsubsf3.o)
                0x080001c8                __aeabi_frsub
                0x080001d0                __subsf3
                0x080001d0                __aeabi_fsub
                0x080001d4                __aeabi_fadd
                0x080001d4                __addsf3
                0x08000334                __aeabi_ui2f
                0x08000334                __floatunsisf
                0x0800033c                __aeabi_i2f
                0x0800033c                __floatsisf
                0x08000358                __aeabi_ul2f
                0x08000358                __floatundisf
                0x08000368                __aeabi_l2f
                0x08000368                __floatdisf
 *(.text*)
 .text.MX_ADC1_Init
                0x080003e4      0x118 ./Core/Src/adc.o
                0x080003e4                MX_ADC1_Init
 .text.MX_ADC2_Init
                0x080004fc       0xf4 ./Core/Src/adc.o
                0x080004fc                MX_ADC2_Init
 .text.HAL_ADC_MspInit
                0x080005f0      0x1ac ./Core/Src/adc.o
                0x080005f0                HAL_ADC_MspInit
 .text.MX_CAN_Init
                0x0800079c       0x6c ./Core/Src/can.o
                0x0800079c                MX_CAN_Init
 .text.HAL_CAN_MspInit
                0x08000808       0x98 ./Core/Src/can.o
                0x08000808                HAL_CAN_MspInit
 .text.MX_DMA_Init
                0x080008a0       0x4c ./Core/Src/dma.o
                0x080008a0                MX_DMA_Init
 .text.MX_GPIO_Init
                0x080008ec       0x80 ./Core/Src/gpio.o
                0x080008ec                MX_GPIO_Init
 .text.main     0x0800096c      0x17c ./Core/Src/main.o
                0x0800096c                main
 .text.SystemClock_Config
                0x08000ae8       0xba ./Core/Src/main.o
                0x08000ae8                SystemClock_Config
 .text.Error_Handler
                0x08000ba2       0x1e ./Core/Src/main.o
                0x08000ba2                Error_Handler
 .text.accelPedalCheck
                0x08000bc0       0x78 ./Core/Src/pedals.o
                0x08000bc0                accelPedalCheck
 .text.accelPedalValue
                0x08000c38       0x6c ./Core/Src/pedals.o
                0x08000c38                accelPedalValue
 .text.engineSteer
                0x08000ca4       0x54 ./Core/Src/pedals.o
                0x08000ca4                engineSteer
 .text.brakePistonsCheck
                0x08000cf8       0x74 ./Core/Src/pedals.o
                0x08000cf8                brakePistonsCheck
 .text.brakePistonsValue
                0x08000d6c       0x6c ./Core/Src/pedals.o
                0x08000d6c                brakePistonsValue
 .text.brakeHallValue
                0x08000dd8       0x50 ./Core/Src/pedals.o
                0x08000dd8                brakeHallValue
 .text.steerValue
                0x08000e28       0x54 ./Core/Src/pedals.o
                0x08000e28                steerValue
 .text.HAL_ADC_ConvCpltCallback
                0x08000e7c       0x40 ./Core/Src/pedals.o
                0x08000e7c                HAL_ADC_ConvCpltCallback
 .text.CAN_ExtractSignal
                0x08000ebc      0x192 ./Core/Src/pedals.o
                0x08000ebc                CAN_ExtractSignal
 *fill*         0x0800104e        0x2 
 .text.CAN_ProcessFrame
                0x08001050       0xa0 ./Core/Src/pedals.o
                0x08001050                CAN_ProcessFrame
 .text.HAL_CAN_RxFifo0MsgPendingCallback
                0x080010f0       0x36 ./Core/Src/pedals.o
                0x080010f0                HAL_CAN_RxFifo0MsgPendingCallback
 *fill*         0x08001126        0x2 
 .text.HAL_TIM_PeriodElapsedCallback
                0x08001128       0xdc ./Core/Src/pedals.o
                0x08001128                HAL_TIM_PeriodElapsedCallback
 .text.getEngineFlag
                0x08001204       0x18 ./Core/Src/pedals.o
                0x08001204                getEngineFlag
 .text.setEngineFlag
                0x0800121c       0x20 ./Core/Src/pedals.o
                0x0800121c                setEngineFlag
 .text.startEngine
                0x0800123c       0x34 ./Core/Src/pedals.o
                0x0800123c                startEngine
 .text.stopEngine
                0x08001270       0x34 ./Core/Src/pedals.o
                0x08001270                stopEngine
 .text.machineState
                0x080012a4       0x40 ./Core/Src/pedals.o
                0x080012a4                machineState
 .text.stateActions
                0x080012e4      0x190 ./Core/Src/pedals.o
                0x080012e4                stateActions
 .text.HAL_MspInit
                0x08001474       0x48 ./Core/Src/stm32f3xx_hal_msp.o
                0x08001474                HAL_MspInit
 .text.NMI_Handler
                0x080014bc        0x8 ./Core/Src/stm32f3xx_it.o
                0x080014bc                NMI_Handler
 .text.HardFault_Handler
                0x080014c4        0x8 ./Core/Src/stm32f3xx_it.o
                0x080014c4                HardFault_Handler
 .text.MemManage_Handler
                0x080014cc        0x8 ./Core/Src/stm32f3xx_it.o
                0x080014cc                MemManage_Handler
 .text.BusFault_Handler
                0x080014d4        0x8 ./Core/Src/stm32f3xx_it.o
                0x080014d4                BusFault_Handler
 .text.UsageFault_Handler
                0x080014dc        0x8 ./Core/Src/stm32f3xx_it.o
                0x080014dc                UsageFault_Handler
 .text.SVC_Handler
                0x080014e4        0xe ./Core/Src/stm32f3xx_it.o
                0x080014e4                SVC_Handler
 .text.DebugMon_Handler
                0x080014f2        0xe ./Core/Src/stm32f3xx_it.o
                0x080014f2                DebugMon_Handler
 .text.PendSV_Handler
                0x08001500        0xe ./Core/Src/stm32f3xx_it.o
                0x08001500                PendSV_Handler
 .text.SysTick_Handler
                0x0800150e        0xc ./Core/Src/stm32f3xx_it.o
                0x0800150e                SysTick_Handler
 *fill*         0x0800151a        0x2 
 .text.DMA1_Channel1_IRQHandler
                0x0800151c       0x14 ./Core/Src/stm32f3xx_it.o
                0x0800151c                DMA1_Channel1_IRQHandler
 .text.DMA1_Channel2_IRQHandler
                0x08001530       0x14 ./Core/Src/stm32f3xx_it.o
                0x08001530                DMA1_Channel2_IRQHandler
 .text.CAN_RX0_IRQHandler
                0x08001544       0x14 ./Core/Src/stm32f3xx_it.o
                0x08001544                CAN_RX0_IRQHandler
 .text.TIM2_IRQHandler
                0x08001558       0x14 ./Core/Src/stm32f3xx_it.o
                0x08001558                TIM2_IRQHandler
 .text.SystemInit
                0x0800156c       0x24 ./Core/Src/system_stm32f3xx.o
                0x0800156c                SystemInit
 .text.MX_TIM2_Init
                0x08001590       0x9c ./Core/Src/tim.o
                0x08001590                MX_TIM2_Init
 .text.HAL_TIM_Base_MspInit
                0x0800162c       0x48 ./Core/Src/tim.o
                0x0800162c                HAL_TIM_Base_MspInit
 .text.Reset_Handler
                0x08001674       0x50 ./Core/Startup/startup_stm32f303k8tx.o
                0x08001674                Reset_Handler
 .text.Default_Handler
                0x080016c4        0x2 ./Core/Startup/startup_stm32f303k8tx.o
                0x080016c4                RTC_Alarm_IRQHandler
                0x080016c4                TIM1_CC_IRQHandler
                0x080016c4                PVD_IRQHandler
                0x080016c4                TAMP_STAMP_IRQHandler
                0x080016c4                EXTI3_IRQHandler
                0x080016c4                EXTI0_IRQHandler
                0x080016c4                FPU_IRQHandler
                0x080016c4                CAN_TX_IRQHandler
                0x080016c4                TIM1_UP_TIM16_IRQHandler
                0x080016c4                ADC1_2_IRQHandler
                0x080016c4                SPI1_IRQHandler
                0x080016c4                CAN_SCE_IRQHandler
                0x080016c4                DMA1_Channel4_IRQHandler
                0x080016c4                USART3_IRQHandler
                0x080016c4                DMA1_Channel7_IRQHandler
                0x080016c4                TIM7_DAC2_IRQHandler
                0x080016c4                CAN_RX1_IRQHandler
                0x080016c4                I2C1_EV_IRQHandler
                0x080016c4                DMA1_Channel6_IRQHandler
                0x080016c4                TIM3_IRQHandler
                0x080016c4                RCC_IRQHandler
                0x080016c4                Default_Handler
                0x080016c4                EXTI15_10_IRQHandler
                0x080016c4                COMP2_IRQHandler
                0x080016c4                TIM6_DAC1_IRQHandler
                0x080016c4                EXTI9_5_IRQHandler
                0x080016c4                RTC_WKUP_IRQHandler
                0x080016c4                DMA1_Channel5_IRQHandler
                0x080016c4                EXTI4_IRQHandler
                0x080016c4                TIM1_TRG_COM_TIM17_IRQHandler
                0x080016c4                DMA1_Channel3_IRQHandler
                0x080016c4                WWDG_IRQHandler
                0x080016c4                EXTI1_IRQHandler
                0x080016c4                COMP4_6_IRQHandler
                0x080016c4                USART2_IRQHandler
                0x080016c4                FLASH_IRQHandler
                0x080016c4                USART1_IRQHandler
                0x080016c4                I2C1_ER_IRQHandler
                0x080016c4                EXTI2_TSC_IRQHandler
                0x080016c4                TIM1_BRK_TIM15_IRQHandler
 *fill*         0x080016c6        0x2 
 .text.HAL_Init
                0x080016c8       0x2c ./Drivers/STM32F3xx_HAL_Driver/Src/stm32f3xx_hal.o
                0x080016c8                HAL_Init
 .text.HAL_InitTick
                0x080016f4       0x60 ./Drivers/STM32F3xx_HAL_Driver/Src/stm32f3xx_hal.o
                0x080016f4                HAL_InitTick
 .text.HAL_IncTick
                0x08001754       0x28 ./Drivers/STM32F3xx_HAL_Driver/Src/stm32f3xx_hal.o
                0x08001754                HAL_IncTick
 .text.HAL_GetTick
                0x0800177c       0x18 ./Drivers/STM32F3xx_HAL_Driver/Src/stm32f3xx_hal.o
                0x0800177c                HAL_GetTick
 .text.HAL_Delay
                0x08001794       0x48 ./Drivers/STM32F3xx_HAL_Driver/Src/stm32f3xx_hal.o
                0x08001794                HAL_Delay
 .text.HAL_ADC_ConvHalfCpltCallback
                0x080017dc       0x14 ./Drivers/STM32F3xx_HAL_Driver/Src/stm32f3xx_hal_adc.o
                0x080017dc                HAL_ADC_ConvHalfCpltCallback
 .text.HAL_ADC_ErrorCallback
                0x080017f0       0x14 ./Drivers/STM32F3xx_HAL_Driver/Src/stm32f3xx_hal_adc.o
                0x080017f0                HAL_ADC_ErrorCallback
 .text.HAL_ADC_Init
                0x08001804      0x324 ./Drivers/STM32F3xx_HAL_Driver/Src/stm32f3xx_hal_adc_ex.o
                0x08001804                HAL_ADC_Init
 .text.HAL_ADC_Start_DMA
                0x08001b28      0x1b4 ./Drivers/STM32F3xx_HAL_Driver/Src/stm32f3xx_hal_adc_ex.o
                0x08001b28                HAL_ADC_Start_DMA
 .text.HAL_ADC_ConfigChannel
                0x08001cdc      0x57c ./Drivers/STM32F3xx_HAL_Driver/Src/stm32f3xx_hal_adc_ex.o
                0x08001cdc                HAL_ADC_ConfigChannel
 .text.HAL_ADCEx_MultiModeConfigChannel
                0x08002258      0x18c ./Drivers/STM32F3xx_HAL_Driver/Src/stm32f3xx_hal_adc_ex.o
                0x08002258                HAL_ADCEx_MultiModeConfigChannel
 .text.ADC_DMAConvCplt
                0x080023e4       0x7a ./Drivers/STM32F3xx_HAL_Driver/Src/stm32f3xx_hal_adc_ex.o
 .text.ADC_DMAHalfConvCplt
                0x0800245e       0x1c ./Drivers/STM32F3xx_HAL_Driver/Src/stm32f3xx_hal_adc_ex.o
 .text.ADC_DMAError
                0x0800247a       0x34 ./Drivers/STM32F3xx_HAL_Driver/Src/stm32f3xx_hal_adc_ex.o
 *fill*         0x080024ae        0x2 
 .text.ADC_Enable
                0x080024b0       0xc8 ./Drivers/STM32F3xx_HAL_Driver/Src/stm32f3xx_hal_adc_ex.o
 .text.ADC_Disable
                0x08002578       0xcc ./Drivers/STM32F3xx_HAL_Driver/Src/stm32f3xx_hal_adc_ex.o
 .text.HAL_CAN_Init
                0x08002644      0x1f6 ./Drivers/STM32F3xx_HAL_Driver/Src/stm32f3xx_hal_can.o
                0x08002644                HAL_CAN_Init
 .text.HAL_CAN_ConfigFilter
                0x0800283a      0x194 ./Drivers/STM32F3xx_HAL_Driver/Src/stm32f3xx_hal_can.o
                0x0800283a                HAL_CAN_ConfigFilter
 .text.HAL_CAN_Start
                0x080029ce       0x88 ./Drivers/STM32F3xx_HAL_Driver/Src/stm32f3xx_hal_can.o
                0x080029ce                HAL_CAN_Start
 .text.HAL_CAN_AddTxMessage
                0x08002a56      0x1a0 ./Drivers/STM32F3xx_HAL_Driver/Src/stm32f3xx_hal_can.o
                0x08002a56                HAL_CAN_AddTxMessage
 .text.HAL_CAN_GetRxMessage
                0x08002bf6      0x244 ./Drivers/STM32F3xx_HAL_Driver/Src/stm32f3xx_hal_can.o
                0x08002bf6                HAL_CAN_GetRxMessage
 .text.HAL_CAN_ActivateNotification
                0x08002e3a       0x4c ./Drivers/STM32F3xx_HAL_Driver/Src/stm32f3xx_hal_can.o
                0x08002e3a                HAL_CAN_ActivateNotification
 .text.HAL_CAN_IRQHandler
                0x08002e86      0x36e ./Drivers/STM32F3xx_HAL_Driver/Src/stm32f3xx_hal_can.o
                0x08002e86                HAL_CAN_IRQHandler
 .text.HAL_CAN_TxMailbox0CompleteCallback
                0x080031f4       0x14 ./Drivers/STM32F3xx_HAL_Driver/Src/stm32f3xx_hal_can.o
                0x080031f4                HAL_CAN_TxMailbox0CompleteCallback
 .text.HAL_CAN_TxMailbox1CompleteCallback
                0x08003208       0x14 ./Drivers/STM32F3xx_HAL_Driver/Src/stm32f3xx_hal_can.o
                0x08003208                HAL_CAN_TxMailbox1CompleteCallback
 .text.HAL_CAN_TxMailbox2CompleteCallback
                0x0800321c       0x14 ./Drivers/STM32F3xx_HAL_Driver/Src/stm32f3xx_hal_can.o
                0x0800321c                HAL_CAN_TxMailbox2CompleteCallback
 .text.HAL_CAN_TxMailbox0AbortCallback
                0x08003230       0x14 ./Drivers/STM32F3xx_HAL_Driver/Src/stm32f3xx_hal_can.o
                0x08003230                HAL_CAN_TxMailbox0AbortCallback
 .text.HAL_CAN_TxMailbox1AbortCallback
                0x08003244       0x14 ./Drivers/STM32F3xx_HAL_Driver/Src/stm32f3xx_hal_can.o
                0x08003244                HAL_CAN_TxMailbox1AbortCallback
 .text.HAL_CAN_TxMailbox2AbortCallback
                0x08003258       0x14 ./Drivers/STM32F3xx_HAL_Driver/Src/stm32f3xx_hal_can.o
                0x08003258                HAL_CAN_TxMailbox2AbortCallback
 .text.HAL_CAN_RxFifo0FullCallback
                0x0800326c       0x14 ./Drivers/STM32F3xx_HAL_Driver/Src/stm32f3xx_hal_can.o
                0x0800326c                HAL_CAN_RxFifo0FullCallback
 .text.HAL_CAN_RxFifo1MsgPendingCallback
                0x08003280       0x14 ./Drivers/STM32F3xx_HAL_Driver/Src/stm32f3xx_hal_can.o
                0x08003280                HAL_CAN_RxFifo1MsgPendingCallback
 .text.HAL_CAN_RxFifo1FullCallback
                0x08003294       0x14 ./Drivers/STM32F3xx_HAL_Driver/Src/stm32f3xx_hal_can.o
                0x08003294                HAL_CAN_RxFifo1FullCallback
 .text.HAL_CAN_SleepCallback
                0x080032a8       0x14 ./Drivers/STM32F3xx_HAL_Driver/Src/stm32f3xx_hal_can.o
                0x080032a8                HAL_CAN_SleepCallback
 .text.HAL_CAN_WakeUpFromRxMsgCallback
                0x080032bc       0x14 ./Drivers/STM32F3xx_HAL_Driver/Src/stm32f3xx_hal_can.o
                0x080032bc                HAL_CAN_WakeUpFromRxMsgCallback
 .text.HAL_CAN_ErrorCallback
                0x080032d0       0x14 ./Drivers/STM32F3xx_HAL_Driver/Src/stm32f3xx_hal_can.o
                0x080032d0                HAL_CAN_ErrorCallback
 .text.__NVIC_SetPriorityGrouping
                0x080032e4       0x48 ./Drivers/STM32F3xx_HAL_Driver/Src/stm32f3xx_hal_cortex.o
 .text.__NVIC_GetPriorityGrouping
                0x0800332c       0x1c ./Drivers/STM32F3xx_HAL_Driver/Src/stm32f3xx_hal_cortex.o
 .text.__NVIC_EnableIRQ
                0x08003348       0x3c ./Drivers/STM32F3xx_HAL_Driver/Src/stm32f3xx_hal_cortex.o
 .text.__NVIC_SetPriority
                0x08003384       0x54 ./Drivers/STM32F3xx_HAL_Driver/Src/stm32f3xx_hal_cortex.o
 .text.NVIC_EncodePriority
                0x080033d8       0x66 ./Drivers/STM32F3xx_HAL_Driver/Src/stm32f3xx_hal_cortex.o
 *fill*         0x0800343e        0x2 
 .text.SysTick_Config
                0x08003440       0x44 ./Drivers/STM32F3xx_HAL_Driver/Src/stm32f3xx_hal_cortex.o
 .text.HAL_NVIC_SetPriorityGrouping
                0x08003484       0x16 ./Drivers/STM32F3xx_HAL_Driver/Src/stm32f3xx_hal_cortex.o
                0x08003484                HAL_NVIC_SetPriorityGrouping
 .text.HAL_NVIC_SetPriority
                0x0800349a       0x38 ./Drivers/STM32F3xx_HAL_Driver/Src/stm32f3xx_hal_cortex.o
                0x0800349a                HAL_NVIC_SetPriority
 .text.HAL_NVIC_EnableIRQ
                0x080034d2       0x1c ./Drivers/STM32F3xx_HAL_Driver/Src/stm32f3xx_hal_cortex.o
                0x080034d2                HAL_NVIC_EnableIRQ
 .text.HAL_SYSTICK_Config
                0x080034ee       0x18 ./Drivers/STM32F3xx_HAL_Driver/Src/stm32f3xx_hal_cortex.o
                0x080034ee                HAL_SYSTICK_Config
 .text.HAL_DMA_Init
                0x08003506       0x8e ./Drivers/STM32F3xx_HAL_Driver/Src/stm32f3xx_hal_dma.o
                0x08003506                HAL_DMA_Init
 .text.HAL_DMA_Start_IT
                0x08003594       0xbe ./Drivers/STM32F3xx_HAL_Driver/Src/stm32f3xx_hal_dma.o
                0x08003594                HAL_DMA_Start_IT
 .text.HAL_DMA_IRQHandler
                0x08003652      0x146 ./Drivers/STM32F3xx_HAL_Driver/Src/stm32f3xx_hal_dma.o
                0x08003652                HAL_DMA_IRQHandler
 .text.DMA_SetConfig
                0x08003798       0x5c ./Drivers/STM32F3xx_HAL_Driver/Src/stm32f3xx_hal_dma.o
 .text.DMA_CalcBaseAndBitshift
                0x080037f4       0x40 ./Drivers/STM32F3xx_HAL_Driver/Src/stm32f3xx_hal_dma.o
 .text.HAL_GPIO_Init
                0x08003834      0x2e4 ./Drivers/STM32F3xx_HAL_Driver/Src/stm32f3xx_hal_gpio.o
                0x08003834                HAL_GPIO_Init
 .text.HAL_GPIO_WritePin
                0x08003b18       0x30 ./Drivers/STM32F3xx_HAL_Driver/Src/stm32f3xx_hal_gpio.o
                0x08003b18                HAL_GPIO_WritePin
 .text.HAL_GPIO_TogglePin
                0x08003b48       0x34 ./Drivers/STM32F3xx_HAL_Driver/Src/stm32f3xx_hal_gpio.o
                0x08003b48                HAL_GPIO_TogglePin
 .text.HAL_RCC_OscConfig
                0x08003b7c     0x101c ./Drivers/STM32F3xx_HAL_Driver/Src/stm32f3xx_hal_rcc.o
                0x08003b7c                HAL_RCC_OscConfig
 .text.HAL_RCC_ClockConfig
                0x08004b98      0x2dc ./Drivers/STM32F3xx_HAL_Driver/Src/stm32f3xx_hal_rcc.o
                0x08004b98                HAL_RCC_ClockConfig
 .text.HAL_RCC_GetSysClockFreq
                0x08004e74       0xac ./Drivers/STM32F3xx_HAL_Driver/Src/stm32f3xx_hal_rcc.o
                0x08004e74                HAL_RCC_GetSysClockFreq
 .text.HAL_RCCEx_PeriphCLKConfig
                0x08004f20      0x248 ./Drivers/STM32F3xx_HAL_Driver/Src/stm32f3xx_hal_rcc_ex.o
                0x08004f20                HAL_RCCEx_PeriphCLKConfig
 .text.HAL_TIM_Base_Init
                0x08005168       0xae ./Drivers/STM32F3xx_HAL_Driver/Src/stm32f3xx_hal_tim.o
                0x08005168                HAL_TIM_Base_Init
 *fill*         0x08005216        0x2 
 .text.HAL_TIM_Base_Start_IT
                0x08005218       0xb8 ./Drivers/STM32F3xx_HAL_Driver/Src/stm32f3xx_hal_tim.o
                0x08005218                HAL_TIM_Base_Start_IT
 .text.HAL_TIM_IRQHandler
                0x080052d0      0x204 ./Drivers/STM32F3xx_HAL_Driver/Src/stm32f3xx_hal_tim.o
                0x080052d0                HAL_TIM_IRQHandler
 .text.HAL_TIM_ConfigClockSource
                0x080054d4      0x192 ./Drivers/STM32F3xx_HAL_Driver/Src/stm32f3xx_hal_tim.o
                0x080054d4                HAL_TIM_ConfigClockSource
 .text.HAL_TIM_OC_DelayElapsedCallback
                0x08005666       0x14 ./Drivers/STM32F3xx_HAL_Driver/Src/stm32f3xx_hal_tim.o
                0x08005666                HAL_TIM_OC_DelayElapsedCallback
 .text.HAL_TIM_IC_CaptureCallback
                0x0800567a       0x14 ./Drivers/STM32F3xx_HAL_Driver/Src/stm32f3xx_hal_tim.o
                0x0800567a                HAL_TIM_IC_CaptureCallback
 .text.HAL_TIM_PWM_PulseFinishedCallback
                0x0800568e       0x14 ./Drivers/STM32F3xx_HAL_Driver/Src/stm32f3xx_hal_tim.o
                0x0800568e                HAL_TIM_PWM_PulseFinishedCallback
 .text.HAL_TIM_TriggerCallback
                0x080056a2       0x14 ./Drivers/STM32F3xx_HAL_Driver/Src/stm32f3xx_hal_tim.o
                0x080056a2                HAL_TIM_TriggerCallback
 *fill*         0x080056b6        0x2 
 .text.TIM_Base_SetConfig
                0x080056b8      0x108 ./Drivers/STM32F3xx_HAL_Driver/Src/stm32f3xx_hal_tim.o
                0x080056b8                TIM_Base_SetConfig
 .text.TIM_TI1_ConfigInputStage
                0x080057c0       0x5e ./Drivers/STM32F3xx_HAL_Driver/Src/stm32f3xx_hal_tim.o
 .text.TIM_TI2_ConfigInputStage
                0x0800581e       0x60 ./Drivers/STM32F3xx_HAL_Driver/Src/stm32f3xx_hal_tim.o
 .text.TIM_ITRx_SetConfig
                0x0800587e       0x36 ./Drivers/STM32F3xx_HAL_Driver/Src/stm32f3xx_hal_tim.o
 .text.TIM_ETR_SetConfig
                0x080058b4       0x40 ./Drivers/STM32F3xx_HAL_Driver/Src/stm32f3xx_hal_tim.o
                0x080058b4                TIM_ETR_SetConfig
 .text.HAL_TIMEx_MasterConfigSynchronization
                0x080058f4       0xdc ./Drivers/STM32F3xx_HAL_Driver/Src/stm32f3xx_hal_tim_ex.o
                0x080058f4                HAL_TIMEx_MasterConfigSynchronization
 .text.HAL_TIMEx_CommutCallback
                0x080059d0       0x14 ./Drivers/STM32F3xx_HAL_Driver/Src/stm32f3xx_hal_tim_ex.o
                0x080059d0                HAL_TIMEx_CommutCallback
 .text.HAL_TIMEx_BreakCallback
                0x080059e4       0x14 ./Drivers/STM32F3xx_HAL_Driver/Src/stm32f3xx_hal_tim_ex.o
                0x080059e4                HAL_TIMEx_BreakCallback
 .text.HAL_TIMEx_Break2Callback
                0x080059f8       0x14 ./Drivers/STM32F3xx_HAL_Driver/Src/stm32f3xx_hal_tim_ex.o
                0x080059f8                HAL_TIMEx_Break2Callback
 .text.memset   0x08005a0c       0x10 D:/STM32/App/STM32CubeIDE_1.19.0/STM32CubeIDE/plugins/com.st.stm32cube.ide.mcu.externaltools.gnu-tools-for-stm32.13.3.rel1.win32_1.0.0.202411081344/tools/bin/../lib/gcc/arm-none-eabi/13.3.1/../../../../arm-none-eabi/lib/thumb/v7e-m+fp/hard\libc_nano.a(libc_a-memset.o)
                0x08005a0c                memset
 .text.__libc_init_array
                0x08005a1c       0x48 D:/STM32/App/STM32CubeIDE_1.19.0/STM32CubeIDE/plugins/com.st.stm32cube.ide.mcu.externaltools.gnu-tools-for-stm32.13.3.rel1.win32_1.0.0.202411081344/tools/bin/../lib/gcc/arm-none-eabi/13.3.1/../../../../arm-none-eabi/lib/thumb/v7e-m+fp/hard\libc_nano.a(libc_a-init.o)
                0x08005a1c                __libc_init_array
 *(.glue_7)
 .glue_7        0x08005a64        0x0 linker stubs
 *(.glue_7t)
 .glue_7t       0x08005a64        0x0 linker stubs
 *(.eh_frame)
 .eh_frame      0x08005a64        0x0 D:/STM32/App/STM32CubeIDE_1.19.0/STM32CubeIDE/plugins/com.st.stm32cube.ide.mcu.externaltools.gnu-tools-for-stm32.13.3.rel1.win32_1.0.0.202411081344/tools/bin/../lib/gcc/arm-none-eabi/13.3.1/thumb/v7e-m+fp/hard/crtbegin.o
 *(.init)
 .init          0x08005a64        0x4 D:/STM32/App/STM32CubeIDE_1.19.0/STM32CubeIDE/plugins/com.st.stm32cube.ide.mcu.externaltools.gnu-tools-for-stm32.13.3.rel1.win32_1.0.0.202411081344/tools/bin/../lib/gcc/arm-none-eabi/13.3.1/thumb/v7e-m+fp/hard/crti.o
                0x08005a64                _init
 .init          0x08005a68        0x8 D:/STM32/App/STM32CubeIDE_1.19.0/STM32CubeIDE/plugins/com.st.stm32cube.ide.mcu.externaltools.gnu-tools-for-stm32.13.3.rel1.win32_1.0.0.202411081344/tools/bin/../lib/gcc/arm-none-eabi/13.3.1/thumb/v7e-m+fp/hard/crtn.o
 *(.fini)
 .fini          0x08005a70        0x4 D:/STM32/App/STM32CubeIDE_1.19.0/STM32CubeIDE/plugins/com.st.stm32cube.ide.mcu.externaltools.gnu-tools-for-stm32.13.3.rel1.win32_1.0.0.202411081344/tools/bin/../lib/gcc/arm-none-eabi/13.3.1/thumb/v7e-m+fp/hard/crti.o
                0x08005a70                _fini
 .fini          0x08005a74        0x8 D:/STM32/App/STM32CubeIDE_1.19.0/STM32CubeIDE/plugins/com.st.stm32cube.ide.mcu.externaltools.gnu-tools-for-stm32.13.3.rel1.win32_1.0.0.202411081344/tools/bin/../lib/gcc/arm-none-eabi/13.3.1/thumb/v7e-m+fp/hard/crtn.o
                0x08005a7c                        . = ALIGN (0x4)
                0x08005a7c                        _etext = .

.vfp11_veneer   0x08005a7c        0x0
 .vfp11_veneer  0x08005a7c        0x0 linker stubs

.v4_bx          0x08005a7c        0x0
 .v4_bx         0x08005a7c        0x0 linker stubs

.iplt           0x08005a7c        0x0
 .iplt          0x08005a7c        0x0 D:/STM32/App/STM32CubeIDE_1.19.0/STM32CubeIDE/plugins/com.st.stm32cube.ide.mcu.externaltools.gnu-tools-for-stm32.13.3.rel1.win32_1.0.0.202411081344/tools/bin/../lib/gcc/arm-none-eabi/13.3.1/thumb/v7e-m+fp/hard/crtbegin.o

.rodata         0x08005a7c       0x40
                0x08005a7c                        . = ALIGN (0x4)
 *(.rodata)
 *(.rodata*)
 .rodata.SIG_CHARGER_CONTROL
                0x08005a7c       0x10 ./Core/Src/main.o
                0x08005a7c                SIG_CHARGER_CONTROL
 .rodata.AHBPrescTable
                0x08005a8c       0x10 ./Core/Src/system_stm32f3xx.o
                0x08005a8c                AHBPrescTable
 .rodata.aPLLMULFactorTable
                0x08005a9c       0x10 ./Drivers/STM32F3xx_HAL_Driver/Src/stm32f3xx_hal_rcc.o
 .rodata.aPredivFactorTable
                0x08005aac       0x10 ./Drivers/STM32F3xx_HAL_Driver/Src/stm32f3xx_hal_rcc.o
                0x08005abc                        . = ALIGN (0x4)

.ARM.extab      0x08005abc        0x0
                0x08005abc                        . = ALIGN (0x4)
 *(.ARM.extab* .gnu.linkonce.armextab.*)
                0x08005abc                        . = ALIGN (0x4)

.ARM            0x08005abc        0x0
                0x08005abc                        . = ALIGN (0x4)
                0x08005abc                        __exidx_start = .
 *(.ARM.exidx*)
                0x08005abc                        __exidx_end = .
                0x08005abc                        . = ALIGN (0x4)

.preinit_array  0x08005abc        0x0
                0x08005abc                        . = ALIGN (0x4)
                0x08005abc                        PROVIDE (__preinit_array_start = .)
 *(.preinit_array*)
                0x08005abc                        PROVIDE (__preinit_array_end = .)
                0x08005abc                        . = ALIGN (0x4)

.init_array     0x08005abc        0x4
                0x08005abc                        . = ALIGN (0x4)
                0x08005abc                        PROVIDE (__init_array_start = .)
 *(SORT_BY_NAME(.init_array.*))
 *(.init_array*)
 .init_array    0x08005abc        0x4 D:/STM32/App/STM32CubeIDE_1.19.0/STM32CubeIDE/plugins/com.st.stm32cube.ide.mcu.externaltools.gnu-tools-for-stm32.13.3.rel1.win32_1.0.0.202411081344/tools/bin/../lib/gcc/arm-none-eabi/13.3.1/thumb/v7e-m+fp/hard/crtbegin.o
                0x08005ac0                        PROVIDE (__init_array_end = .)
                0x08005ac0                        . = ALIGN (0x4)

.fini_array     0x08005ac0        0x4
                0x08005ac0                        . = ALIGN (0x4)
                [!provide]                        PROVIDE (__fini_array_start = .)
 *(SORT_BY_NAME(.fini_array.*))
 *(.fini_array*)
 .fini_array    0x08005ac0        0x4 D:/STM32/App/STM32CubeIDE_1.19.0/STM32CubeIDE/plugins/com.st.stm32cube.ide.mcu.externaltools.gnu-tools-for-stm32.13.3.rel1.win32_1.0.0.202411081344/tools/bin/../lib/gcc/arm-none-eabi/13.3.1/thumb/v7e-m+fp/hard/crtbegin.o
                [!provide]                        PROVIDE (__fini_array_end = .)
                0x08005ac4                        . = ALIGN (0x4)
                0x08005ac4                        _sidata = LOADADDR (.data)

.rel.dyn        0x08005ac4        0x0
 .rel.iplt      0x08005ac4        0x0 D:/STM32/App/STM32CubeIDE_1.19.0/STM32CubeIDE/plugins/com.st.stm32cube.ide.mcu.externaltools.gnu-tools-for-stm32.13.3.rel1.win32_1.0.0.202411081344/tools/bin/../lib/gcc/arm-none-eabi/13.3.1/thumb/v7e-m+fp/hard/crtbegin.o

.data           0x20000000       0x24 load address 0x08005ac4
                0x20000000                        . = ALIGN (0x4)
                0x20000000                        _sdata = .
 *(.data)
 *(.data*)
 .data.Vehicle  0x20000000       0x18 ./Core/Src/main.o
                0x20000000                Vehicle
 .data.SystemCoreClock
                0x20000018        0x4 ./Core/Src/system_stm32f3xx.o
                0x20000018                SystemCoreClock
 .data.uwTickPrio
                0x2000001c        0x4 ./Drivers/STM32F3xx_HAL_Driver/Src/stm32f3xx_hal.o
                0x2000001c                uwTickPrio
 .data.uwTickFreq
                0x20000020        0x1 ./Drivers/STM32F3xx_HAL_Driver/Src/stm32f3xx_hal.o
                0x20000020                uwTickFreq
 *(.RamFunc)
 *(.RamFunc*)
                0x20000024                        . = ALIGN (0x4)
 *fill*         0x20000021        0x3 
                0x20000024                        _edata = .
                0x08005ae8                        _siccmram = LOADADDR (.ccmram)

.igot.plt       0x20000024        0x0 load address 0x08005ae8
 .igot.plt      0x20000024        0x0 D:/STM32/App/STM32CubeIDE_1.19.0/STM32CubeIDE/plugins/com.st.stm32cube.ide.mcu.externaltools.gnu-tools-for-stm32.13.3.rel1.win32_1.0.0.202411081344/tools/bin/../lib/gcc/arm-none-eabi/13.3.1/thumb/v7e-m+fp/hard/crtbegin.o

.ccmram         0x10000000        0x0 load address 0x08005ae8
                0x10000000                        . = ALIGN (0x4)
                0x10000000                        _sccmram = .
 *(.ccmram)
 *(.ccmram*)
                0x10000000                        . = ALIGN (0x4)
                0x10000000                        _eccmram = .
                0x10000000                        . = ALIGN (0x4)

.bss            0x20000024      0x23c
                0x20000024                        _sbss = .
                0x20000024                        __bss_start__ = _sbss
 *(.bss)
 .bss           0x20000024       0x1c D:/STM32/App/STM32CubeIDE_1.19.0/STM32CubeIDE/plugins/com.st.stm32cube.ide.mcu.externaltools.gnu-tools-for-stm32.13.3.rel1.win32_1.0.0.202411081344/tools/bin/../lib/gcc/arm-none-eabi/13.3.1/thumb/v7e-m+fp/hard/crtbegin.o
 *(.bss*)
 .bss.hadc1     0x20000040       0x50 ./Core/Src/adc.o
                0x20000040                hadc1
 .bss.hadc2     0x20000090       0x50 ./Core/Src/adc.o
                0x20000090                hadc2
 .bss.hdma_adc1
                0x200000e0       0x44 ./Core/Src/adc.o
                0x200000e0                hdma_adc1
 .bss.hdma_adc2
                0x20000124       0x44 ./Core/Src/adc.o
                0x20000124                hdma_adc2
 .bss.HAL_RCC_ADC12_CLK_ENABLED
                0x20000168        0x4 ./Core/Src/adc.o
 .bss.hcan      0x2000016c       0x28 ./Core/Src/can.o
                0x2000016c                hcan
 .bss.ADC1_VAL  0x20000194        0x6 ./Core/Src/main.o
                0x20000194                ADC1_VAL
 *fill*         0x2000019a        0x2 
 .bss.ADC2_VAL  0x2000019c        0x6 ./Core/Src/main.o
                0x2000019c                ADC2_VAL
 *fill*         0x200001a2        0x2 
 .bss.TxData    0x200001a4        0x8 ./Core/Src/main.o
                0x200001a4                TxData
 .bss.TxDataTH  0x200001ac        0x8 ./Core/Src/main.o
                0x200001ac                TxDataTH
 .bss.TxDataNMT
                0x200001b4        0x2 ./Core/Src/main.o
                0x200001b4                TxDataNMT
 .bss.tempTH    0x200001b6        0x2 ./Core/Src/main.o
                0x200001b6                tempTH
 .bss.TxHeader  0x200001b8       0x18 ./Core/Src/main.o
                0x200001b8                TxHeader
 .bss.TxMailBox
                0x200001d0        0x4 ./Core/Src/main.o
                0x200001d0                TxMailBox
 .bss.TxHeaderTH
                0x200001d4       0x18 ./Core/Src/main.o
                0x200001d4                TxHeaderTH
 .bss.TxHeaderNMT
                0x200001ec       0x18 ./Core/Src/main.o
                0x200001ec                TxHeaderNMT
 .bss.isADC1finished
                0x20000204        0x4 ./Core/Src/pedals.o
                0x20000204                isADC1finished
 .bss.isADC2finished
                0x20000208        0x4 ./Core/Src/pedals.o
                0x20000208                isADC2finished
 .bss.engineState
                0x2000020c        0x1 ./Core/Src/pedals.o
 *fill*         0x2000020d        0x3 
 .bss.htim2     0x20000210       0x4c ./Core/Src/tim.o
                0x20000210                htim2
 .bss.uwTick    0x2000025c        0x4 ./Drivers/STM32F3xx_HAL_Driver/Src/stm32f3xx_hal.o
                0x2000025c                uwTick
 *(COMMON)
                0x20000260                        . = ALIGN (0x4)
                0x20000260                        _ebss = .
                0x20000260                        __bss_end__ = _ebss

._user_heap_stack
                0x20000260      0x600
                0x20000260                        . = ALIGN (0x8)
                [!provide]                        PROVIDE (end = .)
                0x20000260                        PROVIDE (_end = .)
                0x20000460                        . = (. + _Min_Heap_Size)
 *fill*         0x20000260      0x200 
                0x20000860                        . = (. + _Min_Stack_Size)
 *fill*         0x20000460      0x400 
                0x20000860                        . = ALIGN (0x8)

/DISCARD/
 libc.a(*)
 libm.a(*)
 libgcc.a(*)

.ARM.attributes
                0x00000000       0x30
 *(.ARM.attributes)
 .ARM.attributes
                0x00000000       0x22 D:/STM32/App/STM32CubeIDE_1.19.0/STM32CubeIDE/plugins/com.st.stm32cube.ide.mcu.externaltools.gnu-tools-for-stm32.13.3.rel1.win32_1.0.0.202411081344/tools/bin/../lib/gcc/arm-none-eabi/13.3.1/thumb/v7e-m+fp/hard/crti.o
 .ARM.attributes
                0x00000022       0x34 D:/STM32/App/STM32CubeIDE_1.19.0/STM32CubeIDE/plugins/com.st.stm32cube.ide.mcu.externaltools.gnu-tools-for-stm32.13.3.rel1.win32_1.0.0.202411081344/tools/bin/../lib/gcc/arm-none-eabi/13.3.1/thumb/v7e-m+fp/hard/crtbegin.o
 .ARM.attributes
                0x00000056       0x34 ./Core/Src/adc.o
 .ARM.attributes
                0x0000008a       0x34 ./Core/Src/can.o
 .ARM.attributes
                0x000000be       0x34 ./Core/Src/dma.o
 .ARM.attributes
                0x000000f2       0x34 ./Core/Src/gpio.o
 .ARM.attributes
                0x00000126       0x34 ./Core/Src/main.o
 .ARM.attributes
                0x0000015a       0x34 ./Core/Src/pedals.o
 .ARM.attributes
                0x0000018e       0x34 ./Core/Src/stm32f3xx_hal_msp.o
 .ARM.attributes
                0x000001c2       0x34 ./Core/Src/stm32f3xx_it.o
 .ARM.attributes
                0x000001f6       0x34 ./Core/Src/system_stm32f3xx.o
 .ARM.attributes
                0x0000022a       0x34 ./Core/Src/tim.o
 .ARM.attributes
                0x0000025e       0x21 ./Core/Startup/startup_stm32f303k8tx.o
 .ARM.attributes
                0x0000027f       0x34 ./Drivers/STM32F3xx_HAL_Driver/Src/stm32f3xx_hal.o
 .ARM.attributes
                0x000002b3       0x34 ./Drivers/STM32F3xx_HAL_Driver/Src/stm32f3xx_hal_adc.o
 .ARM.attributes
                0x000002e7       0x34 ./Drivers/STM32F3xx_HAL_Driver/Src/stm32f3xx_hal_adc_ex.o
 .ARM.attributes
                0x0000031b       0x34 ./Drivers/STM32F3xx_HAL_Driver/Src/stm32f3xx_hal_can.o
 .ARM.attributes
                0x0000034f       0x34 ./Drivers/STM32F3xx_HAL_Driver/Src/stm32f3xx_hal_cortex.o
 .ARM.attributes
                0x00000383       0x34 ./Drivers/STM32F3xx_HAL_Driver/Src/stm32f3xx_hal_dma.o
 .ARM.attributes
                0x000003b7       0x34 ./Drivers/STM32F3xx_HAL_Driver/Src/stm32f3xx_hal_gpio.o
 .ARM.attributes
                0x000003eb       0x34 ./Drivers/STM32F3xx_HAL_Driver/Src/stm32f3xx_hal_rcc.o
 .ARM.attributes
                0x0000041f       0x34 ./Drivers/STM32F3xx_HAL_Driver/Src/stm32f3xx_hal_rcc_ex.o
 .ARM.attributes
                0x00000453       0x34 ./Drivers/STM32F3xx_HAL_Driver/Src/stm32f3xx_hal_tim.o
 .ARM.attributes
                0x00000487       0x34 ./Drivers/STM32F3xx_HAL_Driver/Src/stm32f3xx_hal_tim_ex.o
 .ARM.attributes
                0x000004bb       0x34 D:/STM32/App/STM32CubeIDE_1.19.0/STM32CubeIDE/plugins/com.st.stm32cube.ide.mcu.externaltools.gnu-tools-for-stm32.13.3.rel1.win32_1.0.0.202411081344/tools/bin/../lib/gcc/arm-none-eabi/13.3.1/../../../../arm-none-eabi/lib/thumb/v7e-m+fp/hard\libc_nano.a(libc_a-memset.o)
 .ARM.attributes
                0x000004ef       0x34 D:/STM32/App/STM32CubeIDE_1.19.0/STM32CubeIDE/plugins/com.st.stm32cube.ide.mcu.externaltools.gnu-tools-for-stm32.13.3.rel1.win32_1.0.0.202411081344/tools/bin/../lib/gcc/arm-none-eabi/13.3.1/../../../../arm-none-eabi/lib/thumb/v7e-m+fp/hard\libc_nano.a(libc_a-init.o)
 .ARM.attributes
                0x00000523       0x22 D:/STM32/App/STM32CubeIDE_1.19.0/STM32CubeIDE/plugins/com.st.stm32cube.ide.mcu.externaltools.gnu-tools-for-stm32.13.3.rel1.win32_1.0.0.202411081344/tools/bin/../lib/gcc/arm-none-eabi/13.3.1/thumb/v7e-m+fp/hard\libgcc.a(_arm_addsubsf3.o)
 .ARM.attributes
                0x00000545       0x22 D:/STM32/App/STM32CubeIDE_1.19.0/STM32CubeIDE/plugins/com.st.stm32cube.ide.mcu.externaltools.gnu-tools-for-stm32.13.3.rel1.win32_1.0.0.202411081344/tools/bin/../lib/gcc/arm-none-eabi/13.3.1/thumb/v7e-m+fp/hard/crtn.o
OUTPUT(perla_pedals_alpha_ver.elf elf32-littlearm)
LOAD linker stubs
LOAD D:/STM32/App/STM32CubeIDE_1.19.0/STM32CubeIDE/plugins/com.st.stm32cube.ide.mcu.externaltools.gnu-tools-for-stm32.13.3.rel1.win32_1.0.0.202411081344/tools/bin/../lib/gcc/arm-none-eabi/13.3.1/../../../../arm-none-eabi/lib/thumb/v7e-m+fp/hard\libc.a
LOAD D:/STM32/App/STM32CubeIDE_1.19.0/STM32CubeIDE/plugins/com.st.stm32cube.ide.mcu.externaltools.gnu-tools-for-stm32.13.3.rel1.win32_1.0.0.202411081344/tools/bin/../lib/gcc/arm-none-eabi/13.3.1/../../../../arm-none-eabi/lib/thumb/v7e-m+fp/hard\libm.a
LOAD D:/STM32/App/STM32CubeIDE_1.19.0/STM32CubeIDE/plugins/com.st.stm32cube.ide.mcu.externaltools.gnu-tools-for-stm32.13.3.rel1.win32_1.0.0.202411081344/tools/bin/../lib/gcc/arm-none-eabi/13.3.1/thumb/v7e-m+fp/hard\libgcc.a

.debug_info     0x00000000    0x10cc7
 .debug_info    0x00000000      0xb47 ./Core/Src/adc.o
 .debug_info    0x00000b47      0x8e8 ./Core/Src/can.o
 .debug_info    0x0000142f      0x2f3 ./Core/Src/dma.o
 .debug_info    0x00001722      0x305 ./Core/Src/gpio.o
 .debug_info    0x00001a27     0x176e ./Core/Src/main.o
 .debug_info    0x00003195     0x177f ./Core/Src/pedals.o
 .debug_info    0x00004914      0x18d ./Core/Src/stm32f3xx_hal_msp.o
 .debug_info    0x00004aa1      0xaeb ./Core/Src/stm32f3xx_it.o
 .debug_info    0x0000558c      0x407 ./Core/Src/system_stm32f3xx.o
 .debug_info    0x00005993      0xa31 ./Core/Src/tim.o
 .debug_info    0x000063c4       0x30 ./Core/Startup/startup_stm32f303k8tx.o
 .debug_info    0x000063f4      0x74a ./Drivers/STM32F3xx_HAL_Driver/Src/stm32f3xx_hal.o
 .debug_info    0x00006b3e      0xb32 ./Drivers/STM32F3xx_HAL_Driver/Src/stm32f3xx_hal_adc.o
 .debug_info    0x00007670     0x15b2 ./Drivers/STM32F3xx_HAL_Driver/Src/stm32f3xx_hal_adc_ex.o
 .debug_info    0x00008c22      0xf02 ./Drivers/STM32F3xx_HAL_Driver/Src/stm32f3xx_hal_can.o
 .debug_info    0x00009b24      0xa87 ./Drivers/STM32F3xx_HAL_Driver/Src/stm32f3xx_hal_cortex.o
 .debug_info    0x0000a5ab      0x6e1 ./Drivers/STM32F3xx_HAL_Driver/Src/stm32f3xx_hal_dma.o
 .debug_info    0x0000ac8c      0x6a6 ./Drivers/STM32F3xx_HAL_Driver/Src/stm32f3xx_hal_gpio.o
 .debug_info    0x0000b332     0x148a ./Drivers/STM32F3xx_HAL_Driver/Src/stm32f3xx_hal_rcc.o
 .debug_info    0x0000c7bc      0x52e ./Drivers/STM32F3xx_HAL_Driver/Src/stm32f3xx_hal_rcc_ex.o
 .debug_info    0x0000ccea     0x2a70 ./Drivers/STM32F3xx_HAL_Driver/Src/stm32f3xx_hal_tim.o
 .debug_info    0x0000f75a     0x156d ./Drivers/STM32F3xx_HAL_Driver/Src/stm32f3xx_hal_tim_ex.o

.debug_abbrev   0x00000000     0x2b7b
 .debug_abbrev  0x00000000      0x249 ./Core/Src/adc.o
 .debug_abbrev  0x00000249      0x207 ./Core/Src/can.o
 .debug_abbrev  0x00000450       0xfc ./Core/Src/dma.o
 .debug_abbrev  0x0000054c      0x151 ./Core/Src/gpio.o
 .debug_abbrev  0x0000069d      0x2a3 ./Core/Src/main.o
 .debug_abbrev  0x00000940      0x356 ./Core/Src/pedals.o
 .debug_abbrev  0x00000c96       0xc6 ./Core/Src/stm32f3xx_hal_msp.o
 .debug_abbrev  0x00000d5c      0x1da ./Core/Src/stm32f3xx_it.o
 .debug_abbrev  0x00000f36      0x11a ./Core/Src/system_stm32f3xx.o
 .debug_abbrev  0x00001050      0x1f7 ./Core/Src/tim.o
 .debug_abbrev  0x00001247       0x24 ./Core/Startup/startup_stm32f303k8tx.o
 .debug_abbrev  0x0000126b      0x215 ./Drivers/STM32F3xx_HAL_Driver/Src/stm32f3xx_hal.o
 .debug_abbrev  0x00001480      0x186 ./Drivers/STM32F3xx_HAL_Driver/Src/stm32f3xx_hal_adc.o
 .debug_abbrev  0x00001606      0x28e ./Drivers/STM32F3xx_HAL_Driver/Src/stm32f3xx_hal_adc_ex.o
 .debug_abbrev  0x00001894      0x1fc ./Drivers/STM32F3xx_HAL_Driver/Src/stm32f3xx_hal_can.o
 .debug_abbrev  0x00001a90      0x2f8 ./Drivers/STM32F3xx_HAL_Driver/Src/stm32f3xx_hal_cortex.o
 .debug_abbrev  0x00001d88      0x20d ./Drivers/STM32F3xx_HAL_Driver/Src/stm32f3xx_hal_dma.o
 .debug_abbrev  0x00001f95      0x1ca ./Drivers/STM32F3xx_HAL_Driver/Src/stm32f3xx_hal_gpio.o
 .debug_abbrev  0x0000215f      0x300 ./Drivers/STM32F3xx_HAL_Driver/Src/stm32f3xx_hal_rcc.o
 .debug_abbrev  0x0000245f      0x221 ./Drivers/STM32F3xx_HAL_Driver/Src/stm32f3xx_hal_rcc_ex.o
 .debug_abbrev  0x00002680      0x278 ./Drivers/STM32F3xx_HAL_Driver/Src/stm32f3xx_hal_tim.o
 .debug_abbrev  0x000028f8      0x283 ./Drivers/STM32F3xx_HAL_Driver/Src/stm32f3xx_hal_tim_ex.o

.debug_aranges  0x00000000      0xee0
 .debug_aranges
                0x00000000       0x38 ./Core/Src/adc.o
 .debug_aranges
                0x00000038       0x30 ./Core/Src/can.o
 .debug_aranges
                0x00000068       0x20 ./Core/Src/dma.o
 .debug_aranges
                0x00000088       0x20 ./Core/Src/gpio.o
 .debug_aranges
                0x000000a8       0x30 ./Core/Src/main.o
 .debug_aranges
                0x000000d8       0xa8 ./Core/Src/pedals.o
 .debug_aranges
                0x00000180       0x20 ./Core/Src/stm32f3xx_hal_msp.o
 .debug_aranges
                0x000001a0       0x80 ./Core/Src/stm32f3xx_it.o
 .debug_aranges
                0x00000220       0x28 ./Core/Src/system_stm32f3xx.o
 .debug_aranges
                0x00000248       0x30 ./Core/Src/tim.o
 .debug_aranges
                0x00000278       0x28 ./Core/Startup/startup_stm32f303k8tx.o
 .debug_aranges
                0x000002a0       0xe0 ./Drivers/STM32F3xx_HAL_Driver/Src/stm32f3xx_hal.o
 .debug_aranges
                0x00000380       0xc8 ./Drivers/STM32F3xx_HAL_Driver/Src/stm32f3xx_hal_adc.o
 .debug_aranges
                0x00000448      0x168 ./Drivers/STM32F3xx_HAL_Driver/Src/stm32f3xx_hal_adc_ex.o
 .debug_aranges
                0x000005b0      0x138 ./Drivers/STM32F3xx_HAL_Driver/Src/stm32f3xx_hal_can.o
 .debug_aranges
                0x000006e8      0x100 ./Drivers/STM32F3xx_HAL_Driver/Src/stm32f3xx_hal_cortex.o
 .debug_aranges
                0x000007e8       0x88 ./Drivers/STM32F3xx_HAL_Driver/Src/stm32f3xx_hal_dma.o
 .debug_aranges
                0x00000870       0x58 ./Drivers/STM32F3xx_HAL_Driver/Src/stm32f3xx_hal_gpio.o
 .debug_aranges
                0x000008c8       0x88 ./Drivers/STM32F3xx_HAL_Driver/Src/stm32f3xx_hal_rcc.o
 .debug_aranges
                0x00000950       0x38 ./Drivers/STM32F3xx_HAL_Driver/Src/stm32f3xx_hal_rcc_ex.o
 .debug_aranges
                0x00000988      0x3e0 ./Drivers/STM32F3xx_HAL_Driver/Src/stm32f3xx_hal_tim.o
 .debug_aranges
                0x00000d68      0x178 ./Drivers/STM32F3xx_HAL_Driver/Src/stm32f3xx_hal_tim_ex.o

.debug_rnglists
                0x00000000      0xb60
 .debug_rnglists
                0x00000000       0x29 ./Core/Src/adc.o
 .debug_rnglists
                0x00000029       0x20 ./Core/Src/can.o
 .debug_rnglists
                0x00000049       0x13 ./Core/Src/dma.o
 .debug_rnglists
                0x0000005c       0x14 ./Core/Src/gpio.o
 .debug_rnglists
                0x00000070       0x21 ./Core/Src/main.o
 .debug_rnglists
                0x00000091       0x7d ./Core/Src/pedals.o
 .debug_rnglists
                0x0000010e       0x13 ./Core/Src/stm32f3xx_hal_msp.o
 .debug_rnglists
                0x00000121       0x5b ./Core/Src/stm32f3xx_it.o
 .debug_rnglists
                0x0000017c       0x1a ./Core/Src/system_stm32f3xx.o
 .debug_rnglists
                0x00000196       0x20 ./Core/Src/tim.o
 .debug_rnglists
                0x000001b6       0x19 ./Core/Startup/startup_stm32f303k8tx.o
 .debug_rnglists
                0x000001cf       0xa3 ./Drivers/STM32F3xx_HAL_Driver/Src/stm32f3xx_hal.o
 .debug_rnglists
                0x00000272       0x91 ./Drivers/STM32F3xx_HAL_Driver/Src/stm32f3xx_hal_adc.o
 .debug_rnglists
                0x00000303      0x126 ./Drivers/STM32F3xx_HAL_Driver/Src/stm32f3xx_hal_adc_ex.o
 .debug_rnglists
                0x00000429       0xee ./Drivers/STM32F3xx_HAL_Driver/Src/stm32f3xx_hal_can.o
 .debug_rnglists
                0x00000517       0xbb ./Drivers/STM32F3xx_HAL_Driver/Src/stm32f3xx_hal_cortex.o
 .debug_rnglists
                0x000005d2       0x69 ./Drivers/STM32F3xx_HAL_Driver/Src/stm32f3xx_hal_dma.o
 .debug_rnglists
                0x0000063b       0x3f ./Drivers/STM32F3xx_HAL_Driver/Src/stm32f3xx_hal_gpio.o
 .debug_rnglists
                0x0000067a       0x66 ./Drivers/STM32F3xx_HAL_Driver/Src/stm32f3xx_hal_rcc.o
 .debug_rnglists
                0x000006e0       0x27 ./Drivers/STM32F3xx_HAL_Driver/Src/stm32f3xx_hal_rcc_ex.o
 .debug_rnglists
                0x00000707      0x328 ./Drivers/STM32F3xx_HAL_Driver/Src/stm32f3xx_hal_tim.o
 .debug_rnglists
                0x00000a2f      0x131 ./Drivers/STM32F3xx_HAL_Driver/Src/stm32f3xx_hal_tim_ex.o

.debug_macro    0x00000000    0x1c55b
 .debug_macro   0x00000000      0x1ed ./Core/Src/adc.o
 .debug_macro   0x000001ed      0xad8 ./Core/Src/adc.o
 .debug_macro   0x00000cc5      0x164 ./Core/Src/adc.o
 .debug_macro   0x00000e29       0x2e ./Core/Src/adc.o
 .debug_macro   0x00000e57       0x28 ./Core/Src/adc.o
 .debug_macro   0x00000e7f       0x22 ./Core/Src/adc.o
 .debug_macro   0x00000ea1       0x8e ./Core/Src/adc.o
 .debug_macro   0x00000f2f       0x51 ./Core/Src/adc.o
 .debug_macro   0x00000f80      0x103 ./Core/Src/adc.o
 .debug_macro   0x00001083       0x6a ./Core/Src/adc.o
 .debug_macro   0x000010ed      0x1df ./Core/Src/adc.o
 .debug_macro   0x000012cc       0x1c ./Core/Src/adc.o
 .debug_macro   0x000012e8       0x22 ./Core/Src/adc.o
 .debug_macro   0x0000130a       0xd9 ./Core/Src/adc.o
 .debug_macro   0x000013e3      0xf07 ./Core/Src/adc.o
 .debug_macro   0x000022ea    0x10be0 ./Core/Src/adc.o
 .debug_macro   0x00012eca       0x6d ./Core/Src/adc.o
 .debug_macro   0x00012f37     0x3574 ./Core/Src/adc.o
 .debug_macro   0x000164ab      0x190 ./Core/Src/adc.o
 .debug_macro   0x0001663b       0x55 ./Core/Src/adc.o
 .debug_macro   0x00016690      0x8f8 ./Core/Src/adc.o
 .debug_macro   0x00016f88      0x304 ./Core/Src/adc.o
 .debug_macro   0x0001728c      0x1b5 ./Core/Src/adc.o
 .debug_macro   0x00017441      0x11b ./Core/Src/adc.o
 .debug_macro   0x0001755c      0x1d5 ./Core/Src/adc.o
 .debug_macro   0x00017731      0x1bc ./Core/Src/adc.o
 .debug_macro   0x000178ed       0x34 ./Core/Src/adc.o
 .debug_macro   0x00017921       0x3c ./Core/Src/adc.o
 .debug_macro   0x0001795d       0x57 ./Core/Src/adc.o
 .debug_macro   0x000179b4      0x87d ./Core/Src/adc.o
 .debug_macro   0x00018231       0x77 ./Core/Src/adc.o
 .debug_macro   0x000182a8      0x408 ./Core/Src/adc.o
 .debug_macro   0x000186b0       0xc5 ./Core/Src/adc.o
 .debug_macro   0x00018775      0x19f ./Core/Src/adc.o
 .debug_macro   0x00018914      0x22c ./Core/Src/adc.o
 .debug_macro   0x00018b40       0x5b ./Core/Src/adc.o
 .debug_macro   0x00018b9b       0xa5 ./Core/Src/adc.o
 .debug_macro   0x00018c40       0x81 ./Core/Src/adc.o
 .debug_macro   0x00018cc1       0xd3 ./Core/Src/adc.o
 .debug_macro   0x00018d94      0xa60 ./Core/Src/adc.o
 .debug_macro   0x000197f4       0x59 ./Core/Src/adc.o
 .debug_macro   0x0001984d      0x285 ./Core/Src/adc.o
 .debug_macro   0x00019ad2       0x10 ./Core/Src/adc.o
 .debug_macro   0x00019ae2      0x1ed ./Core/Src/can.o
 .debug_macro   0x00019ccf      0x1ed ./Core/Src/dma.o
 .debug_macro   0x00019ebc      0x1ed ./Core/Src/gpio.o
 .debug_macro   0x0001a0a9      0x2fe ./Core/Src/main.o
 .debug_macro   0x0001a3a7       0x10 ./Core/Src/main.o
 .debug_macro   0x0001a3b7       0x20 ./Core/Src/main.o
 .debug_macro   0x0001a3d7       0x22 ./Core/Src/main.o
 .debug_macro   0x0001a3f9      0x313 ./Core/Src/pedals.o
 .debug_macro   0x0001a70c       0x5b ./Core/Src/pedals.o
 .debug_macro   0x0001a767       0x94 ./Core/Src/pedals.o
 .debug_macro   0x0001a7fb       0x57 ./Core/Src/pedals.o
 .debug_macro   0x0001a852       0x4f ./Core/Src/pedals.o
 .debug_macro   0x0001a8a1       0x2e ./Core/Src/pedals.o
 .debug_macro   0x0001a8cf       0x16 ./Core/Src/pedals.o
 .debug_macro   0x0001a8e5       0x16 ./Core/Src/pedals.o
 .debug_macro   0x0001a8fb       0x29 ./Core/Src/pedals.o
 .debug_macro   0x0001a924      0x1e3 ./Core/Src/stm32f3xx_hal_msp.o
 .debug_macro   0x0001ab07      0x1ed ./Core/Src/stm32f3xx_it.o
 .debug_macro   0x0001acf4      0x1d4 ./Core/Src/system_stm32f3xx.o
 .debug_macro   0x0001aec8      0x1ed ./Core/Src/tim.o
 .debug_macro   0x0001b0b5      0x1f8 ./Drivers/STM32F3xx_HAL_Driver/Src/stm32f3xx_hal.o
 .debug_macro   0x0001b2ad      0x1d5 ./Drivers/STM32F3xx_HAL_Driver/Src/stm32f3xx_hal_adc.o
 .debug_macro   0x0001b482      0x1fe ./Drivers/STM32F3xx_HAL_Driver/Src/stm32f3xx_hal_adc_ex.o
 .debug_macro   0x0001b680      0x1e3 ./Drivers/STM32F3xx_HAL_Driver/Src/stm32f3xx_hal_can.o
 .debug_macro   0x0001b863      0x1d4 ./Drivers/STM32F3xx_HAL_Driver/Src/stm32f3xx_hal_cortex.o
 .debug_macro   0x0001ba37      0x1d4 ./Drivers/STM32F3xx_HAL_Driver/Src/stm32f3xx_hal_dma.o
 .debug_macro   0x0001bc0b      0x1db ./Drivers/STM32F3xx_HAL_Driver/Src/stm32f3xx_hal_gpio.o
 .debug_macro   0x0001bde6      0x1f8 ./Drivers/STM32F3xx_HAL_Driver/Src/stm32f3xx_hal_rcc.o
 .debug_macro   0x0001bfde      0x1d4 ./Drivers/STM32F3xx_HAL_Driver/Src/stm32f3xx_hal_rcc_ex.o
 .debug_macro   0x0001c1b2      0x1d5 ./Drivers/STM32F3xx_HAL_Driver/Src/stm32f3xx_hal_tim.o
 .debug_macro   0x0001c387      0x1d4 ./Drivers/STM32F3xx_HAL_Driver/Src/stm32f3xx_hal_tim_ex.o

.debug_line     0x00000000    0x13a5c
 .debug_line    0x00000000      0x965 ./Core/Src/adc.o
 .debug_line    0x00000965      0x7d8 ./Core/Src/can.o
 .debug_line    0x0000113d      0x761 ./Core/Src/dma.o
 .debug_line    0x0000189e      0x771 ./Core/Src/gpio.o
 .debug_line    0x0000200f      0xb4c ./Core/Src/main.o
 .debug_line    0x00002b5b      0xea2 ./Core/Src/pedals.o
 .debug_line    0x000039fd      0x763 ./Core/Src/stm32f3xx_hal_msp.o
 .debug_line    0x00004160      0x872 ./Core/Src/stm32f3xx_it.o
 .debug_line    0x000049d2      0x7dd ./Core/Src/system_stm32f3xx.o
 .debug_line    0x000051af      0x7dd ./Core/Src/tim.o
 .debug_line    0x0000598c       0x7a ./Core/Startup/startup_stm32f303k8tx.o
 .debug_line    0x00005a06      0xa19 ./Drivers/STM32F3xx_HAL_Driver/Src/stm32f3xx_hal.o
 .debug_line    0x0000641f      0x953 ./Drivers/STM32F3xx_HAL_Driver/Src/stm32f3xx_hal_adc.o
 .debug_line    0x00006d72     0x1fc2 ./Drivers/STM32F3xx_HAL_Driver/Src/stm32f3xx_hal_adc_ex.o
 .debug_line    0x00008d34     0x120a ./Drivers/STM32F3xx_HAL_Driver/Src/stm32f3xx_hal_can.o
 .debug_line    0x00009f3e      0xbdd ./Drivers/STM32F3xx_HAL_Driver/Src/stm32f3xx_hal_cortex.o
 .debug_line    0x0000ab1b      0xce3 ./Drivers/STM32F3xx_HAL_Driver/Src/stm32f3xx_hal_dma.o
 .debug_line    0x0000b7fe      0xb50 ./Drivers/STM32F3xx_HAL_Driver/Src/stm32f3xx_hal_gpio.o
 .debug_line    0x0000c34e     0x1579 ./Drivers/STM32F3xx_HAL_Driver/Src/stm32f3xx_hal_rcc.o
 .debug_line    0x0000d8c7      0xad9 ./Drivers/STM32F3xx_HAL_Driver/Src/stm32f3xx_hal_rcc_ex.o
 .debug_line    0x0000e3a0     0x3ce4 ./Drivers/STM32F3xx_HAL_Driver/Src/stm32f3xx_hal_tim.o
 .debug_line    0x00012084     0x19d8 ./Drivers/STM32F3xx_HAL_Driver/Src/stm32f3xx_hal_tim_ex.o

.debug_str      0x00000000    0xa9f0b
 .debug_str     0x00000000    0xa9f0b ./Core/Src/adc.o
                              0xa2e50 (size before relaxing)
 .debug_str     0x000a9f0b    0xa2eb0 ./Core/Src/can.o
 .debug_str     0x000a9f0b    0xa2ae6 ./Core/Src/dma.o
 .debug_str     0x000a9f0b    0xa289e ./Core/Src/gpio.o
 .debug_str     0x000a9f0b    0xa6c37 ./Core/Src/main.o
 .debug_str     0x000a9f0b    0xa6aee ./Core/Src/pedals.o
 .debug_str     0x000a9f0b    0xa27d3 ./Core/Src/stm32f3xx_hal_msp.o
 .debug_str     0x000a9f0b    0xa3012 ./Core/Src/stm32f3xx_it.o
 .debug_str     0x000a9f0b    0xa286a ./Core/Src/system_stm32f3xx.o
 .debug_str     0x000a9f0b    0xa3188 ./Core/Src/tim.o
 .debug_str     0x000a9f0b       0x75 ./Core/Startup/startup_stm32f303k8tx.o
 .debug_str     0x000a9f0b    0xa2f5a ./Drivers/STM32F3xx_HAL_Driver/Src/stm32f3xx_hal.o
 .debug_str     0x000a9f0b    0xa2e57 ./Drivers/STM32F3xx_HAL_Driver/Src/stm32f3xx_hal_adc.o
 .debug_str     0x000a9f0b    0xa3570 ./Drivers/STM32F3xx_HAL_Driver/Src/stm32f3xx_hal_adc_ex.o
 .debug_str     0x000a9f0b    0xa2ff9 ./Drivers/STM32F3xx_HAL_Driver/Src/stm32f3xx_hal_can.o
 .debug_str     0x000a9f0b    0xa2e7f ./Drivers/STM32F3xx_HAL_Driver/Src/stm32f3xx_hal_cortex.o
 .debug_str     0x000a9f0b    0xa2bb2 ./Drivers/STM32F3xx_HAL_Driver/Src/stm32f3xx_hal_dma.o
 .debug_str     0x000a9f0b    0xa2a49 ./Drivers/STM32F3xx_HAL_Driver/Src/stm32f3xx_hal_gpio.o
 .debug_str     0x000a9f0b    0xa2d0a ./Drivers/STM32F3xx_HAL_Driver/Src/stm32f3xx_hal_rcc.o
 .debug_str     0x000a9f0b    0xa2a09 ./Drivers/STM32F3xx_HAL_Driver/Src/stm32f3xx_hal_rcc_ex.o
 .debug_str     0x000a9f0b    0xa3ca1 ./Drivers/STM32F3xx_HAL_Driver/Src/stm32f3xx_hal_tim.o
 .debug_str     0x000a9f0b    0xa34e7 ./Drivers/STM32F3xx_HAL_Driver/Src/stm32f3xx_hal_tim_ex.o

.comment        0x00000000       0x43
 .comment       0x00000000       0x43 ./Core/Src/adc.o
                                 0x44 (size before relaxing)
 .comment       0x00000043       0x44 ./Core/Src/can.o
 .comment       0x00000043       0x44 ./Core/Src/dma.o
 .comment       0x00000043       0x44 ./Core/Src/gpio.o
 .comment       0x00000043       0x44 ./Core/Src/main.o
 .comment       0x00000043       0x44 ./Core/Src/pedals.o
 .comment       0x00000043       0x44 ./Core/Src/stm32f3xx_hal_msp.o
 .comment       0x00000043       0x44 ./Core/Src/stm32f3xx_it.o
 .comment       0x00000043       0x44 ./Core/Src/system_stm32f3xx.o
 .comment       0x00000043       0x44 ./Core/Src/tim.o
 .comment       0x00000043       0x44 ./Drivers/STM32F3xx_HAL_Driver/Src/stm32f3xx_hal.o
 .comment       0x00000043       0x44 ./Drivers/STM32F3xx_HAL_Driver/Src/stm32f3xx_hal_adc.o
 .comment       0x00000043       0x44 ./Drivers/STM32F3xx_HAL_Driver/Src/stm32f3xx_hal_adc_ex.o
 .comment       0x00000043       0x44 ./Drivers/STM32F3xx_HAL_Driver/Src/stm32f3xx_hal_can.o
 .comment       0x00000043       0x44 ./Drivers/STM32F3xx_HAL_Driver/Src/stm32f3xx_hal_cortex.o
 .comment       0x00000043       0x44 ./Drivers/STM32F3xx_HAL_Driver/Src/stm32f3xx_hal_dma.o
 .comment       0x00000043       0x44 ./Drivers/STM32F3xx_HAL_Driver/Src/stm32f3xx_hal_gpio.o
 .comment       0x00000043       0x44 ./Drivers/STM32F3xx_HAL_Driver/Src/stm32f3xx_hal_rcc.o
 .comment       0x00000043       0x44 ./Drivers/STM32F3xx_HAL_Driver/Src/stm32f3xx_hal_rcc_ex.o
 .comment       0x00000043       0x44 ./Drivers/STM32F3xx_HAL_Driver/Src/stm32f3xx_hal_tim.o
 .comment       0x00000043       0x44 ./Drivers/STM32F3xx_HAL_Driver/Src/stm32f3xx_hal_tim_ex.o

.debug_frame    0x00000000     0x3d48
 .debug_frame   0x00000000       0xa0 ./Core/Src/adc.o
 .debug_frame   0x000000a0       0x74 ./Core/Src/can.o
 .debug_frame   0x00000114       0x34 ./Core/Src/dma.o
 .debug_frame   0x00000148       0x34 ./Core/Src/gpio.o
 .debug_frame   0x0000017c       0x70 ./Core/Src/main.o
 .debug_frame   0x000001ec      0x2c0 ./Core/Src/pedals.o
 .debug_frame   0x000004ac       0x38 ./Core/Src/stm32f3xx_hal_msp.o
 .debug_frame   0x000004e4      0x174 ./Core/Src/stm32f3xx_it.o
 .debug_frame   0x00000658       0x58 ./Core/Src/system_stm32f3xx.o
 .debug_frame   0x000006b0       0x7c ./Core/Src/tim.o
 .debug_frame   0x0000072c      0x334 ./Drivers/STM32F3xx_HAL_Driver/Src/stm32f3xx_hal.o
 .debug_frame   0x00000a60      0x380 ./Drivers/STM32F3xx_HAL_Driver/Src/stm32f3xx_hal_adc.o
 .debug_frame   0x00000de0      0x638 ./Drivers/STM32F3xx_HAL_Driver/Src/stm32f3xx_hal_adc_ex.o
 .debug_frame   0x00001418      0x5a0 ./Drivers/STM32F3xx_HAL_Driver/Src/stm32f3xx_hal_can.o
 .debug_frame   0x000019b8      0x428 ./Drivers/STM32F3xx_HAL_Driver/Src/stm32f3xx_hal_cortex.o
 .debug_frame   0x00001de0      0x224 ./Drivers/STM32F3xx_HAL_Driver/Src/stm32f3xx_hal_dma.o
 .debug_frame   0x00002004      0x14c ./Drivers/STM32F3xx_HAL_Driver/Src/stm32f3xx_hal_gpio.o
 .debug_frame   0x00002150      0x214 ./Drivers/STM32F3xx_HAL_Driver/Src/stm32f3xx_hal_rcc.o
 .debug_frame   0x00002364       0xac ./Drivers/STM32F3xx_HAL_Driver/Src/stm32f3xx_hal_rcc_ex.o
 .debug_frame   0x00002410     0x1218 ./Drivers/STM32F3xx_HAL_Driver/Src/stm32f3xx_hal_tim.o
 .debug_frame   0x00003628      0x688 ./Drivers/STM32F3xx_HAL_Driver/Src/stm32f3xx_hal_tim_ex.o
 .debug_frame   0x00003cb0       0x20 D:/STM32/App/STM32CubeIDE_1.19.0/STM32CubeIDE/plugins/com.st.stm32cube.ide.mcu.externaltools.gnu-tools-for-stm32.13.3.rel1.win32_1.0.0.202411081344/tools/bin/../lib/gcc/arm-none-eabi/13.3.1/../../../../arm-none-eabi/lib/thumb/v7e-m+fp/hard\libc_nano.a(libc_a-memset.o)
 .debug_frame   0x00003cd0       0x2c D:/STM32/App/STM32CubeIDE_1.19.0/STM32CubeIDE/plugins/com.st.stm32cube.ide.mcu.externaltools.gnu-tools-for-stm32.13.3.rel1.win32_1.0.0.202411081344/tools/bin/../lib/gcc/arm-none-eabi/13.3.1/../../../../arm-none-eabi/lib/thumb/v7e-m+fp/hard\libc_nano.a(libc_a-init.o)
 .debug_frame   0x00003cfc       0x4c D:/STM32/App/STM32CubeIDE_1.19.0/STM32CubeIDE/plugins/com.st.stm32cube.ide.mcu.externaltools.gnu-tools-for-stm32.13.3.rel1.win32_1.0.0.202411081344/tools/bin/../lib/gcc/arm-none-eabi/13.3.1/thumb/v7e-m+fp/hard\libgcc.a(_arm_addsubsf3.o)

.debug_line_str
                0x00000000       0x59
 .debug_line_str
                0x00000000       0x59 ./Core/Startup/startup_stm32f303k8tx.o
