../Core/Src/pedals.c:10:5:accelPedalCheck	24	static
../Core/Src/pedals.c:24:9:accelPedalValue	32	static
../Core/Src/pedals.c:74:10:engineSteer	24	static
../Core/Src/pedals.c:89:5:brakePistonsCheck	24	static
../Core/Src/pedals.c:103:9:brakePistonsValue	32	static
../Core/Src/pedals.c:128:9:brakeHallValue	24	static
../Core/Src/pedals.c:147:9:steerValue	32	static
../Core/Src/pedals.c:165:6:HAL_ADC_ConvCpltCallback	16	static
../Core/Src/pedals.c:178:6:CAN_ExtractSignal	128	static
../Core/Src/pedals.c:206:6:CAN_ProcessFrame	40	static
../Core/Src/pedals.c:228:6:HAL_CAN_RxFifo0MsgPendingCallback	56	static
../Core/Src/pedals.c:237:6:HAL_TIM_PeriodElapsedCallback	40	static
../Core/Src/pedals.c:287:9:getEngineFlag	4	static
../Core/Src/pedals.c:292:6:setEngineFlag	16	static
../Core/Src/pedals.c:297:6:startEngine	8	static
../Core/Src/pedals.c:306:6:stopEngine	8	static
../Core/Src/pedals.c:317:5:machineState	4	static
../Core/Src/pedals.c:365:6:stateActions	16	static
